Component: ARM Compiler 5.06 update 5 (build 528) Tool: armlink [4d35e2]

==============================================================================

Section Cross References

    startup_stm32f10x_md.o(STACK) refers (Special) to heapauxi.o(.text) for __use_two_region_memory
    startup_stm32f10x_md.o(HEAP) refers (Special) to heapauxi.o(.text) for __use_two_region_memory
    startup_stm32f10x_md.o(RESET) refers (Special) to heapauxi.o(.text) for __use_two_region_memory
    startup_stm32f10x_md.o(RESET) refers to startup_stm32f10x_md.o(STACK) for __initial_sp
    startup_stm32f10x_md.o(RESET) refers to startup_stm32f10x_md.o(.text) for Reset_Handler
    startup_stm32f10x_md.o(RESET) refers to stm32f10x_it.o(i.NMI_Handler) for NMI_Handler
    startup_stm32f10x_md.o(RESET) refers to stm32f10x_it.o(i.HardFault_Handler) for HardFault_Handler
    startup_stm32f10x_md.o(RESET) refers to stm32f10x_it.o(i.MemManage_Handler) for MemManage_Handler
    startup_stm32f10x_md.o(RESET) refers to stm32f10x_it.o(i.BusFault_Handler) for BusFault_Handler
    startup_stm32f10x_md.o(RESET) refers to stm32f10x_it.o(i.UsageFault_Handler) for UsageFault_Handler
    startup_stm32f10x_md.o(RESET) refers to stm32f10x_it.o(i.SVC_Handler) for SVC_Handler
    startup_stm32f10x_md.o(RESET) refers to stm32f10x_it.o(i.DebugMon_Handler) for DebugMon_Handler
    startup_stm32f10x_md.o(RESET) refers to stm32f10x_it.o(i.PendSV_Handler) for PendSV_Handler
    startup_stm32f10x_md.o(RESET) refers to stm32f10x_it.o(i.SysTick_Handler) for SysTick_Handler
    startup_stm32f10x_md.o(.text) refers (Special) to heapauxi.o(.text) for __use_two_region_memory
    startup_stm32f10x_md.o(.text) refers to system_stm32f10x.o(i.SystemInit) for SystemInit
    startup_stm32f10x_md.o(.text) refers to __main.o(!!!main) for __main
    startup_stm32f10x_md.o(.text) refers to startup_stm32f10x_md.o(HEAP) for Heap_Mem
    startup_stm32f10x_md.o(.text) refers to startup_stm32f10x_md.o(STACK) for Stack_Mem
    system_stm32f10x.o(i.SetSysClock) refers to system_stm32f10x.o(i.SetSysClockTo72) for SetSysClockTo72
    system_stm32f10x.o(i.SystemCoreClockUpdate) refers to system_stm32f10x.o(.data) for SystemCoreClock
    system_stm32f10x.o(i.SystemInit) refers to system_stm32f10x.o(i.SetSysClock) for SetSysClock
    stm32f10x_wwdg.o(i.WWDG_DeInit) refers to stm32f10x_rcc.o(i.RCC_APB1PeriphResetCmd) for RCC_APB1PeriphResetCmd
    stm32f10x_usart.o(i.USART_DeInit) refers to stm32f10x_rcc.o(i.RCC_APB2PeriphResetCmd) for RCC_APB2PeriphResetCmd
    stm32f10x_usart.o(i.USART_DeInit) refers to stm32f10x_rcc.o(i.RCC_APB1PeriphResetCmd) for RCC_APB1PeriphResetCmd
    stm32f10x_usart.o(i.USART_Init) refers to stm32f10x_rcc.o(i.RCC_GetClocksFreq) for RCC_GetClocksFreq
    stm32f10x_tim.o(i.TIM_DeInit) refers to stm32f10x_rcc.o(i.RCC_APB2PeriphResetCmd) for RCC_APB2PeriphResetCmd
    stm32f10x_tim.o(i.TIM_DeInit) refers to stm32f10x_rcc.o(i.RCC_APB1PeriphResetCmd) for RCC_APB1PeriphResetCmd
    stm32f10x_tim.o(i.TIM_ETRClockMode1Config) refers to stm32f10x_tim.o(i.TIM_ETRConfig) for TIM_ETRConfig
    stm32f10x_tim.o(i.TIM_ETRClockMode2Config) refers to stm32f10x_tim.o(i.TIM_ETRConfig) for TIM_ETRConfig
    stm32f10x_tim.o(i.TIM_ICInit) refers to stm32f10x_tim.o(i.TI1_Config) for TI1_Config
    stm32f10x_tim.o(i.TIM_ICInit) refers to stm32f10x_tim.o(i.TIM_SetIC1Prescaler) for TIM_SetIC1Prescaler
    stm32f10x_tim.o(i.TIM_ICInit) refers to stm32f10x_tim.o(i.TI2_Config) for TI2_Config
    stm32f10x_tim.o(i.TIM_ICInit) refers to stm32f10x_tim.o(i.TIM_SetIC2Prescaler) for TIM_SetIC2Prescaler
    stm32f10x_tim.o(i.TIM_ICInit) refers to stm32f10x_tim.o(i.TI3_Config) for TI3_Config
    stm32f10x_tim.o(i.TIM_ICInit) refers to stm32f10x_tim.o(i.TIM_SetIC3Prescaler) for TIM_SetIC3Prescaler
    stm32f10x_tim.o(i.TIM_ICInit) refers to stm32f10x_tim.o(i.TI4_Config) for TI4_Config
    stm32f10x_tim.o(i.TIM_ICInit) refers to stm32f10x_tim.o(i.TIM_SetIC4Prescaler) for TIM_SetIC4Prescaler
    stm32f10x_tim.o(i.TIM_ITRxExternalClockConfig) refers to stm32f10x_tim.o(i.TIM_SelectInputTrigger) for TIM_SelectInputTrigger
    stm32f10x_tim.o(i.TIM_PWMIConfig) refers to stm32f10x_tim.o(i.TI1_Config) for TI1_Config
    stm32f10x_tim.o(i.TIM_PWMIConfig) refers to stm32f10x_tim.o(i.TIM_SetIC1Prescaler) for TIM_SetIC1Prescaler
    stm32f10x_tim.o(i.TIM_PWMIConfig) refers to stm32f10x_tim.o(i.TI2_Config) for TI2_Config
    stm32f10x_tim.o(i.TIM_PWMIConfig) refers to stm32f10x_tim.o(i.TIM_SetIC2Prescaler) for TIM_SetIC2Prescaler
    stm32f10x_tim.o(i.TIM_TIxExternalClockConfig) refers to stm32f10x_tim.o(i.TI2_Config) for TI2_Config
    stm32f10x_tim.o(i.TIM_TIxExternalClockConfig) refers to stm32f10x_tim.o(i.TI1_Config) for TI1_Config
    stm32f10x_tim.o(i.TIM_TIxExternalClockConfig) refers to stm32f10x_tim.o(i.TIM_SelectInputTrigger) for TIM_SelectInputTrigger
    stm32f10x_spi.o(i.I2S_Init) refers to stm32f10x_rcc.o(i.RCC_GetClocksFreq) for RCC_GetClocksFreq
[...]
    Removing stm32f10x_flash.o(i.FLASH_EraseAllPages), (72 bytes).
    Removing stm32f10x_flash.o(i.FLASH_EraseOptionBytes), (168 bytes).
    Removing stm32f10x_flash.o(i.FLASH_ErasePage), (76 bytes).
    Removing stm32f10x_flash.o(i.FLASH_GetBank1Status), (52 bytes).
    Removing stm32f10x_flash.o(i.FLASH_GetFlagStatus), (48 bytes).
    Removing stm32f10x_flash.o(i.FLASH_GetPrefetchBufferStatus), (24 bytes).
    Removing stm32f10x_flash.o(i.FLASH_GetReadOutProtectionStatus), (24 bytes).
    Removing stm32f10x_flash.o(i.FLASH_GetStatus), (52 bytes).
    Removing stm32f10x_flash.o(i.FLASH_GetUserOptionByte), (12 bytes).
    Removing stm32f10x_flash.o(i.FLASH_GetWriteProtectionOptionByte), (12 bytes).
    Removing stm32f10x_flash.o(i.FLASH_HalfCycleAccessCmd), (28 bytes).
    Removing stm32f10x_flash.o(i.FLASH_ITConfig), (32 bytes).
    Removing stm32f10x_flash.o(i.FLASH_Lock), (20 bytes).
    Removing stm32f10x_flash.o(i.FLASH_LockBank1), (20 bytes).
    Removing stm32f10x_flash.o(i.FLASH_PrefetchBufferCmd), (28 bytes).
    Removing stm32f10x_flash.o(i.FLASH_ProgramHalfWord), (64 bytes).
    Removing stm32f10x_flash.o(i.FLASH_ProgramOptionByteData), (84 bytes).
    Removing stm32f10x_flash.o(i.FLASH_ProgramWord), (108 bytes).
    Removing stm32f10x_flash.o(i.FLASH_ReadOutProtection), (172 bytes).
    Removing stm32f10x_flash.o(i.FLASH_SetLatency), (24 bytes).
    Removing stm32f10x_flash.o(i.FLASH_Unlock), (24 bytes).
    Removing stm32f10x_flash.o(i.FLASH_UnlockBank1), (24 bytes).
    Removing stm32f10x_flash.o(i.FLASH_UserOptionByteConfig), (104 bytes).
    Removing stm32f10x_flash.o(i.FLASH_WaitForLastBank1Operation), (38 bytes).
    Removing stm32f10x_flash.o(i.FLASH_WaitForLastOperation), (38 bytes).
    Removing stm32f10x_exti.o(i.EXTI_ClearFlag), (12 bytes).
    Removing stm32f10x_exti.o(i.EXTI_ClearITPendingBit), (12 bytes).
    Removing stm32f10x_exti.o(i.EXTI_DeInit), (36 bytes).
    Removing stm32f10x_exti.o(i.EXTI_GenerateSWInterrupt), (16 bytes).
    Removing stm32f10x_exti.o(i.EXTI_GetFlagStatus), (24 bytes).
    Removing stm32f10x_exti.o(i.EXTI_GetITStatus), (40 bytes).
    Removing stm32f10x_exti.o(i.EXTI_Init), (148 bytes).
    Removing stm32f10x_exti.o(i.EXTI_StructInit), (16 bytes).
    Removing stm32f10x_dma.o(i.DMA_ClearFlag), (28 bytes).
    Removing stm32f10x_dma.o(i.DMA_ClearITPendingBit), (28 bytes).
    Removing stm32f10x_dma.o(i.DMA_Cmd), (24 bytes).
    Removing stm32f10x_dma.o(i.DMA_DeInit), (332 bytes).
    Removing stm32f10x_dma.o(i.DMA_GetCurrDataCounter), (8 bytes).
    Removing stm32f10x_dma.o(i.DMA_GetFlagStatus), (44 bytes).
    Removing stm32f10x_dma.o(i.DMA_GetITStatus), (44 bytes).
    Removing stm32f10x_dma.o(i.DMA_ITConfig), (18 bytes).
    Removing stm32f10x_dma.o(i.DMA_Init), (60 bytes).
    Removing stm32f10x_dma.o(i.DMA_SetCurrDataCounter), (4 bytes).
    Removing stm32f10x_dma.o(i.DMA_StructInit), (26 bytes).
    Removing stm32f10x_dbgmcu.o(i.DBGMCU_Config), (32 bytes).
    Removing stm32f10x_dbgmcu.o(i.DBGMCU_GetDEVID), (16 bytes).
    Removing stm32f10x_dbgmcu.o(i.DBGMCU_GetREVID), (12 bytes).
    Removing stm32f10x_dac.o(i.DAC_Cmd), (40 bytes).
    Removing stm32f10x_dac.o(i.DAC_DMACmd), (44 bytes).
    Removing stm32f10x_dac.o(i.DAC_DeInit), (22 bytes).
    Removing stm32f10x_dac.o(i.DAC_DualSoftwareTriggerCmd), (36 bytes).
    Removing stm32f10x_dac.o(i.DAC_GetDataOutputValue), (36 bytes).
    Removing stm32f10x_dac.o(i.DAC_Init), (52 bytes).
    Removing stm32f10x_dac.o(i.DAC_SetChannel1Data), (32 bytes).
    Removing stm32f10x_dac.o(i.DAC_SetChannel2Data), (32 bytes).
    Removing stm32f10x_dac.o(i.DAC_SetDualChannelData), (36 bytes).
    Removing stm32f10x_dac.o(i.DAC_SoftwareTriggerCmd), (44 bytes).
    Removing stm32f10x_dac.o(i.DAC_StructInit), (12 bytes).
    Removing stm32f10x_dac.o(i.DAC_WaveGenerationCmd), (40 bytes).
    Removing stm32f10x_crc.o(i.CRC_CalcBlockCRC), (36 bytes).
    Removing stm32f10x_crc.o(i.CRC_CalcCRC), (16 bytes).
    Removing stm32f10x_crc.o(i.CRC_GetCRC), (12 bytes).
    Removing stm32f10x_crc.o(i.CRC_GetIDRegister), (12 bytes).
    Removing stm32f10x_crc.o(i.CRC_ResetDR), (12 bytes).
    Removing stm32f10x_crc.o(i.CRC_SetIDRegister), (12 bytes).
    Removing stm32f10x_cec.o(i.CEC_ClearFlag), (36 bytes).
    Removing stm32f10x_cec.o(i.CEC_ClearITPendingBit), (36 bytes).
    Removing stm32f10x_cec.o(i.CEC_Cmd), (32 bytes).
    Removing stm32f10x_cec.o(i.CEC_DeInit), (22 bytes).
    Removing stm32f10x_cec.o(i.CEC_EndOfMessageCmd), (12 bytes).
    Removing stm32f10x_cec.o(i.CEC_GetFlagStatus), (48 bytes).
    Removing stm32f10x_cec.o(i.CEC_GetITStatus), (40 bytes).
    Removing stm32f10x_cec.o(i.CEC_ITConfig), (12 bytes).
    Removing stm32f10x_cec.o(i.CEC_Init), (32 bytes).
    Removing stm32f10x_cec.o(i.CEC_OwnAddressConfig), (12 bytes).
    Removing stm32f10x_cec.o(i.CEC_ReceiveDataByte), (12 bytes).
    Removing stm32f10x_cec.o(i.CEC_SendDataByte), (12 bytes).
    Removing stm32f10x_cec.o(i.CEC_SetPrescaler), (12 bytes).
    Removing stm32f10x_cec.o(i.CEC_StartOfMessage), (12 bytes).
    Removing stm32f10x_can.o(i.CAN_CancelTransmit), (48 bytes).
    Removing stm32f10x_can.o(i.CAN_ClearFlag), (56 bytes).
    Removing stm32f10x_can.o(i.CAN_ClearITPendingBit), (168 bytes).
    Removing stm32f10x_can.o(i.CAN_DBGFreeze), (22 bytes).
    Removing stm32f10x_can.o(i.CAN_DeInit), (56 bytes).
    Removing stm32f10x_can.o(i.CAN_FIFORelease), (22 bytes).
    Removing stm32f10x_can.o(i.CAN_FilterInit), (264 bytes).
    Removing stm32f10x_can.o(i.CAN_GetFlagStatus), (120 bytes).
    Removing stm32f10x_can.o(i.CAN_GetITStatus), (288 bytes).
    Removing stm32f10x_can.o(i.CAN_GetLSBTransmitErrorCounter), (12 bytes).
    Removing stm32f10x_can.o(i.CAN_GetLastErrorCode), (12 bytes).
    Removing stm32f10x_can.o(i.CAN_GetReceiveErrorCounter), (10 bytes).
    Removing stm32f10x_can.o(i.CAN_ITConfig), (18 bytes).
    Removing stm32f10x_can.o(i.CAN_Init), (276 bytes).
    Removing stm32f10x_can.o(i.CAN_MessagePending), (30 bytes).
    Removing stm32f10x_can.o(i.CAN_OperatingModeRequest), (162 bytes).
    Removing stm32f10x_can.o(i.CAN_Receive), (240 bytes).
    Removing stm32f10x_can.o(i.CAN_SlaveStartBank), (52 bytes).
    Removing stm32f10x_can.o(i.CAN_Sleep), (30 bytes).
    Removing stm32f10x_can.o(i.CAN_StructInit), (32 bytes).
    Removing stm32f10x_can.o(i.CAN_TTComModeCmd), (118 bytes).
    Removing stm32f10x_can.o(i.CAN_Transmit), (294 bytes).
    Removing stm32f10x_can.o(i.CAN_TransmitStatus), (160 bytes).
    Removing stm32f10x_can.o(i.CAN_WakeUp), (48 bytes).
    Removing stm32f10x_can.o(i.CheckITStatus), (18 bytes).
    Removing stm32f10x_bkp.o(i.BKP_ClearFlag), (20 bytes).
    Removing stm32f10x_bkp.o(i.BKP_ClearITPendingBit), (20 bytes).
    Removing stm32f10x_bkp.o(i.BKP_DeInit), (16 bytes).
    Removing stm32f10x_bkp.o(i.BKP_GetFlagStatus), (12 bytes).
    Removing stm32f10x_bkp.o(i.BKP_GetITStatus), (12 bytes).
    Removing stm32f10x_bkp.o(i.BKP_ITConfig), (12 bytes).
    Removing stm32f10x_bkp.o(i.BKP_RTCOutputConfig), (28 bytes).
    Removing stm32f10x_bkp.o(i.BKP_ReadBackupRegister), (28 bytes).
    Removing stm32f10x_bkp.o(i.BKP_SetRTCCalibrationValue), (28 bytes).
    Removing stm32f10x_bkp.o(i.BKP_TamperPinCmd), (12 bytes).
    Removing stm32f10x_bkp.o(i.BKP_TamperPinLevelConfig), (12 bytes).
    Removing stm32f10x_bkp.o(i.BKP_WriteBackupRegister), (28 bytes).
    Removing stm32f10x_adc.o(i.ADC_AnalogWatchdogCmd), (20 bytes).
    Removing stm32f10x_adc.o(i.ADC_AnalogWatchdogSingleChannelConfig), (16 bytes).
    Removing stm32f10x_adc.o(i.ADC_AnalogWatchdogThresholdsConfig), (6 bytes).
    Removing stm32f10x_adc.o(i.ADC_AutoInjectedConvCmd), (22 bytes).
    Removing stm32f10x_adc.o(i.ADC_ClearFlag), (6 bytes).
    Removing stm32f10x_adc.o(i.ADC_ClearITPendingBit), (10 bytes).
    Removing stm32f10x_adc.o(i.ADC_Cmd), (22 bytes).
    Removing stm32f10x_adc.o(i.ADC_DMACmd), (22 bytes).
    Removing stm32f10x_adc.o(i.ADC_DeInit), (92 bytes).
    Removing stm32f10x_adc.o(i.ADC_DiscModeChannelCountConfig), (24 bytes).
    Removing stm32f10x_adc.o(i.ADC_DiscModeCmd), (22 bytes).
    Removing stm32f10x_adc.o(i.ADC_ExternalTrigConvCmd), (22 bytes).
    Removing stm32f10x_adc.o(i.ADC_ExternalTrigInjectedConvCmd), (22 bytes).
    Removing stm32f10x_adc.o(i.ADC_ExternalTrigInjectedConvConfig), (16 bytes).
    Removing stm32f10x_adc.o(i.ADC_GetCalibrationStatus), (20 bytes).
    Removing stm32f10x_adc.o(i.ADC_GetConversionValue), (8 bytes).
    Removing stm32f10x_adc.o(i.ADC_GetDualModeConversionValue), (12 bytes).
    Removing stm32f10x_adc.o(i.ADC_GetFlagStatus), (18 bytes).
    Removing stm32f10x_adc.o(i.ADC_GetITStatus), (36 bytes).
    Removing stm32f10x_adc.o(i.ADC_GetInjectedConversionValue), (28 bytes).
    Removing stm32f10x_adc.o(i.ADC_GetResetCalibrationStatus), (20 bytes).
    Removing stm32f10x_adc.o(i.ADC_GetSoftwareStartConvStatus), (20 bytes).
    Removing stm32f10x_adc.o(i.ADC_GetSoftwareStartInjectedConvCmdStatus), (20 bytes).
    Removing stm32f10x_adc.o(i.ADC_ITConfig), (24 bytes).
    Removing stm32f10x_adc.o(i.ADC_Init), (80 bytes).
    Removing stm32f10x_adc.o(i.ADC_InjectedChannelConfig), (130 bytes).
    Removing stm32f10x_adc.o(i.ADC_InjectedDiscModeCmd), (22 bytes).
    Removing stm32f10x_adc.o(i.ADC_InjectedSequencerLengthConfig), (24 bytes).
    Removing stm32f10x_adc.o(i.ADC_RegularChannelConfig), (184 bytes).
    Removing stm32f10x_adc.o(i.ADC_ResetCalibration), (10 bytes).
    Removing stm32f10x_adc.o(i.ADC_SetInjectedOffset), (20 bytes).
    Removing stm32f10x_adc.o(i.ADC_SoftwareStartConvCmd), (22 bytes).
    Removing stm32f10x_adc.o(i.ADC_SoftwareStartInjectedConvCmd), (22 bytes).
    Removing stm32f10x_adc.o(i.ADC_StartCalibration), (10 bytes).
    Removing stm32f10x_adc.o(i.ADC_StructInit), (18 bytes).
    Removing stm32f10x_adc.o(i.ADC_TempSensorVrefintCmd), (36 bytes).
    Removing misc.o(i.NVIC_Init), (112 bytes).
    Removing misc.o(i.NVIC_PriorityGroupConfig), (20 bytes).
    Removing misc.o(i.NVIC_SetVectorTable), (20 bytes).
    Removing misc.o(i.NVIC_SystemLPConfig), (32 bytes).
    Removing misc.o(i.SysTick_CLKSourceConfig), (40 bytes).
    Removing oled.o(i.OLED_Clear), (42 bytes).
    Removing oled.o(i.OLED_I2C_Init), (80 bytes).
    Removing oled.o(i.OLED_I2C_SendByte), (84 bytes).
    Removing oled.o(i.OLED_I2C_Start), (52 bytes).
    Removing oled.o(i.OLED_I2C_Stop), (40 bytes).
    Removing oled.o(i.OLED_Init), (174 bytes).
    Removing oled.o(i.OLED_Pow), (20 bytes).
    Removing oled.o(i.OLED_SetCursor), (34 bytes).
    Removing oled.o(i.OLED_ShowBinNum), (62 bytes).
    Removing oled.o(i.OLED_ShowChar), (116 bytes).
    Removing oled.o(i.OLED_ShowHexNum), (84 bytes).
    Removing oled.o(i.OLED_ShowNum), (68 bytes).
    Removing oled.o(i.OLED_ShowSignedNum), (102 bytes).
    Removing oled.o(i.OLED_ShowString), (40 bytes).
    Removing oled.o(i.OLED_WriteCommand), (32 bytes).
    Removing oled.o(i.OLED_WriteData), (32 bytes).
    Removing oled.o(.constdata), (1520 bytes).
    Removing delay.o(i.Delay_ms), (24 bytes).
    Removing delay.o(i.Delay_s), (24 bytes).
    Removing delay.o(i.Delay_us), (46 bytes).
    Removing app_hooks.o(i.App_TimeTickHook), (2 bytes).
    Removing os_cpu_c.o(i.OSTimeTickHook), (40 bytes).
    Removing os_cpu_c.o(i.OS_CPU_SysTickHandler), (38 bytes).
    Removing os_cpu_c.o(i.OS_CPU_SysTickInit), (56 bytes).
    Removing os_cpu_c.o(i.OS_CPU_SysTickInitFreq), (18 bytes).
    Removing ucos_ii.o(i.OSEventNameGet), (132 bytes).
    Removing ucos_ii.o(i.OSEventPendMulti), (744 bytes).
    Removing ucos_ii.o(i.OSFlagAccept), (288 bytes).
    Removing ucos_ii.o(i.OSFlagCreate), (112 bytes).
    Removing ucos_ii.o(i.OSFlagDel), (260 bytes).
    Removing ucos_ii.o(i.OSFlagNameGet), (120 bytes).
    Removing ucos_ii.o(i.OSFlagNameSet), (100 bytes).
    Removing ucos_ii.o(i.OSFlagPend), (668 bytes).
    Removing ucos_ii.o(i.OSFlagPendGetFlagsRdy), (40 bytes).
    Removing ucos_ii.o(i.OSFlagPost), (358 bytes).
    Removing ucos_ii.o(i.OSFlagQuery), (68 bytes).
    Removing ucos_ii.o(i.OSIntEnter), (36 bytes).
    Removing ucos_ii.o(i.OSIntExit), (156 bytes).
    Removing ucos_ii.o(i.OSMboxAccept), (54 bytes).
    Removing ucos_ii.o(i.OSMboxCreate), (96 bytes).
    Removing ucos_ii.o(i.OSMboxDel), (256 bytes).
    Removing ucos_ii.o(i.OSMboxPend), (304 bytes).
    Removing ucos_ii.o(i.OSMboxPendAbort), (152 bytes).
    Removing ucos_ii.o(i.OSMboxPost), (110 bytes).
    Removing ucos_ii.o(i.OSMboxPostOpt), (150 bytes).
    Removing ucos_ii.o(i.OSMboxQuery), (98 bytes).
    Removing ucos_ii.o(i.OSMemCreate), (180 bytes).
    Removing ucos_ii.o(i.OSMemGet), (86 bytes).
    Removing ucos_ii.o(i.OSMemNameGet), (96 bytes).
    Removing ucos_ii.o(i.OSMemNameSet), (80 bytes).
    Removing ucos_ii.o(i.OSMemPut), (80 bytes).
    Removing ucos_ii.o(i.OSMemQuery), (74 bytes).
    Removing ucos_ii.o(i.OSMutexAccept), (176 bytes).
    Removing ucos_ii.o(i.OSMutexCreate), (200 bytes).
    Removing ucos_ii.o(i.OSMutexDel), (340 bytes).
    Removing ucos_ii.o(i.OSMutexPend), (632 bytes).
    Removing ucos_ii.o(i.OSMutexPost), (236 bytes).
    Removing ucos_ii.o(i.OSMutexQuery), (132 bytes).
    Removing ucos_ii.o(i.OSMutex_RdyAtPrio), (132 bytes).
    Removing ucos_ii.o(i.OSQAccept), (108 bytes).
    Removing ucos_ii.o(i.OSQCreate), (188 bytes).
    Removing ucos_ii.o(i.OSQDel), (292 bytes).
    Removing ucos_ii.o(i.OSQFlush), (62 bytes).
    Removing ucos_ii.o(i.OSQPend), (332 bytes).
    Removing ucos_ii.o(i.OSQPendAbort), (152 bytes).
    Removing ucos_ii.o(i.OSQPost), (138 bytes).
    Removing ucos_ii.o(i.OSQPostFront), (140 bytes).
    Removing ucos_ii.o(i.OSQPostOpt), (206 bytes).
    Removing ucos_ii.o(i.OSQQuery), (120 bytes).
    Removing ucos_ii.o(i.OSSemAccept), (58 bytes).
    Removing ucos_ii.o(i.OSSemDel), (256 bytes).
    Removing ucos_ii.o(i.OSSemPendAbort), (152 bytes).
    Removing ucos_ii.o(i.OSSemPost), (112 bytes).
    Removing ucos_ii.o(i.OSSemQuery), (98 bytes).
    Removing ucos_ii.o(i.OSSemSet), (84 bytes).
    Removing ucos_ii.o(i.OSStatInit), (96 bytes).
    Removing ucos_ii.o(i.OSTaskChangePrio), (460 bytes).
    Removing ucos_ii.o(i.OSTaskDelReq), (148 bytes).
    Removing ucos_ii.o(i.OSTaskNameGet), (172 bytes).
    Removing ucos_ii.o(i.OSTaskQuery), (128 bytes).
    Removing ucos_ii.o(i.OSTaskRegGet), (104 bytes).
    Removing ucos_ii.o(i.OSTaskRegGetID), (76 bytes).
    Removing ucos_ii.o(i.OSTaskRegSet), (104 bytes).
    Removing ucos_ii.o(i.OSTaskResume), (212 bytes).
    Removing ucos_ii.o(i.OSTimeDlyHMSM), (132 bytes).
    Removing ucos_ii.o(i.OSTimeDlyResume), (208 bytes).
    Removing ucos_ii.o(i.OSTimeGet), (40 bytes).
    Removing ucos_ii.o(i.OSTimeSet), (40 bytes).
    Removing ucos_ii.o(i.OSTimeTick), (256 bytes).
    Removing ucos_ii.o(i.OSTmrCreate), (164 bytes).
    Removing ucos_ii.o(i.OSTmrDel), (140 bytes).
    Removing ucos_ii.o(i.OSTmrNameGet), (140 bytes).
    Removing ucos_ii.o(i.OSTmrRemainGet), (180 bytes).
    Removing ucos_ii.o(i.OSTmrSignal), (20 bytes).
    Removing ucos_ii.o(i.OSTmrStart), (144 bytes).
    Removing ucos_ii.o(i.OSTmrStateGet), (100 bytes).
    Removing ucos_ii.o(i.OSTmrStop), (196 bytes).
    Removing ucos_ii.o(i.OSTmr_Alloc), (64 bytes).
    Removing ucos_ii.o(i.OSTmr_Free), (76 bytes).
    Removing ucos_ii.o(i.OSVersion), (6 bytes).
    Removing ucos_ii.o(i.OS_EventTaskRdy), (148 bytes).
    Removing ucos_ii.o(i.OS_EventTaskWaitMulti), (148 bytes).
    Removing ucos_ii.o(i.OS_FlagBlock), (164 bytes).
    Removing ucos_ii.o(i.OS_FlagTaskRdy), (96 bytes).
    Removing ucos_ii.o(i.OS_MemCopy), (20 bytes).
    Removing ucos_ii.o(i.OS_StrLen), (28 bytes).

579 unused section(s) (total 35182 bytes) removed from the image.

==============================================================================

Image Symbol Table

    Local Symbols

    Symbol Name                              Value     Ov Type        Size  Object(Section)

    ../clib/angel/boardlib.s                 0x00000000   Number         0  boardinit1.o ABSOLUTE
    ../clib/angel/boardlib.s                 0x00000000   Number         0  boardshut.o ABSOLUTE
    ../clib/angel/boardlib.s                 0x00000000   Number         0  boardinit2.o ABSOLUTE
    ../clib/angel/boardlib.s                 0x00000000   Number         0  boardinit3.o ABSOLUTE
    ../clib/angel/handlers.s                 0x00000000   Number         0  __scatter_copy.o ABSOLUTE
    ../clib/angel/handlers.s                 0x00000000   Number         0  __scatter_zi.o ABSOLUTE
    ../clib/angel/kernel.s                   0x00000000   Number         0  __rtentry.o ABSOLUTE
    ../clib/angel/kernel.s                   0x00000000   Number         0  __rtentry4.o ABSOLUTE
    ../clib/angel/kernel.s                   0x00000000   Number         0  __rtentry2.o ABSOLUTE
    ../clib/angel/kernel.s                   0x00000000   Number         0  rtexit.o ABSOLUTE
    ../clib/angel/kernel.s                   0x00000000   Number         0  rtexit2.o ABSOLUTE
    ../clib/angel/rt.s                       0x00000000   Number         0  rt_raise.o ABSOLUTE
    ../clib/angel/scatter.s                  0x00000000   Number         0  __scatter.o ABSOLUTE
    ../clib/angel/startup.s                  0x00000000   Number         0  __main.o ABSOLUTE
    ../clib/angel/sys.s                      0x00000000   Number         0  indicate_semi.o ABSOLUTE
    ../clib/angel/sys.s                      0x00000000   Number         0  use_no_semi.o ABSOLUTE
    ../clib/angel/sys.s                      0x00000000   Number         0  sys_stackheap_outer.o ABSOLUTE
    ../clib/angel/sys.s                      0x00000000   Number         0  libspace.o ABSOLUTE
    ../clib/angel/sysapp.c                   0x00000000   Number         0  sys_command.o ABSOLUTE
    ../clib/angel/sysapp.c                   0x00000000   Number         0  sys_exit.o ABSOLUTE
    ../clib/angel/sysapp.c                   0x00000000   Number         0  sys_wrch.o ABSOLUTE
    ../clib/armsys.c                         0x00000000   Number         0  no_argv.o ABSOLUTE
    ../clib/armsys.c                         0x00000000   Number         0  _get_argv_nomalloc.o ABSOLUTE
    ../clib/armsys.c                         0x00000000   Number         0  argv_veneer.o ABSOLUTE
    ../clib/armsys.c                         0x00000000   Number         0  argv_veneer.o ABSOLUTE
    ../clib/heapalloc.c                      0x00000000   Number         0  hrguard.o ABSOLUTE
    ../clib/heapaux.c                        0x00000000   Number         0  heapauxi.o ABSOLUTE
    ../clib/libinit.s                        0x00000000   Number         0  libshutdown.o ABSOLUTE
    ../clib/libinit.s                        0x00000000   Number         0  libshutdown2.o ABSOLUTE
    ../clib/libinit.s                        0x00000000   Number         0  libinit.o ABSOLUTE
    ../clib/libinit.s                        0x00000000   Number         0  libinit2.o ABSOLUTE
    ../clib/signal.c                         0x00000000   Number         0  defsig_rtmem_formal.o ABSOLUTE
    ../clib/signal.c                         0x00000000   Number         0  defsig_other.o ABSOLUTE
    ../clib/signal.c                         0x00000000   Number         0  defsig_segv_inner.o ABSOLUTE
    ../clib/signal.c                         0x00000000   Number         0  defsig_cppl_inner.o ABSOLUTE
    ../clib/signal.c                         0x00000000   Number         0  defsig_pvfn_inner.o ABSOLUTE
    ../clib/signal.c                         0x00000000   Number         0  defsig_rtmem_outer.o ABSOLUTE
    ../clib/signal.c                         0x00000000   Number         0  defsig_rtred_inner.o ABSOLUTE
    ../clib/signal.c                         0x00000000   Number         0  defsig_fpe_inner.o ABSOLUTE
    ../clib/signal.c                         0x00000000   Number         0  defsig_abrt_inner.o ABSOLUTE
    ../clib/signal.c                         0x00000000   Number         0  defsig_general.o ABSOLUTE
    ../clib/signal.c                         0x00000000   Number         0  __raise.o ABSOLUTE
    ../clib/signal.c                         0x00000000   Number         0  defsig_rtmem_inner.o ABSOLUTE
    ../clib/signal.c                         0x00000000   Number         0  defsig_exit.o ABSOLUTE
    ../clib/signal.c                         0x00000000   Number         0  defsig_stak_inner.o ABSOLUTE
    ../clib/signal.s                         0x00000000   Number         0  defsig.o ABSOLUTE
    ../clib/stdlib.c                         0x00000000   Number         0  exit.o ABSOLUTE
    ../fplib/fpinit.s                        0x00000000   Number         0  fpinit.o ABSOLUTE
    Hardware\OLED.c                          0x00000000   Number         0  oled.o ABSOLUTE
    Library\misc.c                           0x00000000   Number         0  misc.o ABSOLUTE
    Library\stm32f10x_adc.c                  0x00000000   Number         0  stm32f10x_adc.o ABSOLUTE
    Library\stm32f10x_bkp.c                  0x00000000   Number         0  stm32f10x_bkp.o ABSOLUTE
    Library\stm32f10x_can.c                  0x00000000   Number         0  stm32f10x_can.o ABSOLUTE
    Library\stm32f10x_cec.c                  0x00000000   Number         0  stm32f10x_cec.o ABSOLUTE
    Library\stm32f10x_crc.c                  0x00000000   Number         0  stm32f10x_crc.o ABSOLUTE
    Library\stm32f10x_dac.c                  0x00000000   Number         0  stm32f10x_dac.o ABSOLUTE
    Library\stm32f10x_dbgmcu.c               0x00000000   Number         0  stm32f10x_dbgmcu.o ABSOLUTE
    Library\stm32f10x_dma.c                  0x00000000   Number         0  stm32f10x_dma.o ABSOLUTE
    Library\stm32f10x_exti.c                 0x00000000   Number         0  stm32f10x_exti.o ABSOLUTE
    Library\stm32f10x_flash.c                0x00000000   Number         0  stm32f10x_flash.o ABSOLUTE
    Library\stm32f10x_fsmc.c                 0x00000000   Number         0  stm32f10x_fsmc.o ABSOLUTE
    Library\stm32f10x_gpio.c                 0x00000000   Number         0  stm32f10x_gpio.o ABSOLUTE
    Library\stm32f10x_i2c.c                  0x00000000   Number         0  stm32f10x_i2c.o ABSOLUTE
    Library\stm32f10x_iwdg.c                 0x00000000   Number         0  stm32f10x_iwdg.o ABSOLUTE
    Library\stm32f10x_pwr.c                  0x00000000   Number         0  stm32f10x_pwr.o ABSOLUTE
    Library\stm32f10x_rcc.c                  0x00000000   Number         0  stm32f10x_rcc.o ABSOLUTE
    Library\stm32f10x_rtc.c                  0x00000000   Number         0  stm32f10x_rtc.o ABSOLUTE
    Library\stm32f10x_sdio.c                 0x00000000   Number         0  stm32f10x_sdio.o ABSOLUTE
    Library\stm32f10x_spi.c                  0x00000000   Number         0  stm32f10x_spi.o ABSOLUTE
    Library\stm32f10x_tim.c                  0x00000000   Number         0  stm32f10x_tim.o ABSOLUTE
    Library\stm32f10x_usart.c                0x00000000   Number         0  stm32f10x_usart.o ABSOLUTE
    Library\stm32f10x_wwdg.c                 0x00000000   Number         0  stm32f10x_wwdg.o ABSOLUTE
    Os\app_hooks.c                           0x00000000   Number         0  app_hooks.o ABSOLUTE
    Os\os_cpu_a.asm                          0x00000000   Number         0  os_cpu_a.o ABSOLUTE
    Os\os_cpu_c.c                            0x00000000   Number         0  os_cpu_c.o ABSOLUTE
    Os\os_dbg.c                              0x00000000   Number         0  os_dbg.o ABSOLUTE
    Os\ucos_ii.c                             0x00000000   Number         0  ucos_ii.o ABSOLUTE
    Start\\core_cm3.c                        0x00000000   Number         0  core_cm3.o ABSOLUTE
    Start\core_cm3.c                         0x00000000   Number         0  core_cm3.o ABSOLUTE
    Start\startup_stm32f10x_md.s             0x00000000   Number         0  startup_stm32f10x_md.o ABSOLUTE
    Start\system_stm32f10x.c                 0x00000000   Number         0  system_stm32f10x.o ABSOLUTE
    System\Delay.c                           0x00000000   Number         0  delay.o ABSOLUTE
    User\main.c                              0x00000000   Number         0  main.o ABSOLUTE
    User\stm32f10x_it.c                      0x00000000   Number         0  stm32f10x_it.o ABSOLUTE
    dc.s                                     0x00000000   Number         0  dc.o ABSOLUTE
    RESET                                    0x08000000   Section      236  startup_stm32f10x_md.o(RESET)
    !!!main                                  0x080000ec   Section        8  __main.o(!!!main)
    !!!scatter                               0x080000f4   Section       52  __scatter.o(!!!scatter)
    !!handler_copy                           0x08000128   Section       26  __scatter_copy.o(!!handler_copy)
    !!handler_zi                             0x08000144   Section       28  __scatter_zi.o(!!handler_zi)
    .ARM.Collect$$libinit$$00000000          0x08000160   Section        2  libinit.o(.ARM.Collect$$libinit$$00000000)
    .ARM.Collect$$libinit$$00000002          0x08000162   Section        0  libinit2.o(.ARM.Collect$$libinit$$00000002)
    .ARM.Collect$$libinit$$00000004          0x08000162   Section        0  libinit2.o(.ARM.Collect$$libinit$$00000004)
    .ARM.Collect$$libinit$$0000000A          0x08000162   Section        0  libinit2.o(.ARM.Collect$$libinit$$0000000A)
    .ARM.Collect$$libinit$$0000000C          0x08000162   Section        0  libinit2.o(.ARM.Collect$$libinit$$0000000C)
    .ARM.Collect$$libinit$$0000000E          0x08000162   Section        0  libinit2.o(.ARM.Collect$$libinit$$0000000E)
    .ARM.Collect$$libinit$$00000011          0x08000162   Section        0  libinit2.o(.ARM.Collect$$libinit$$00000011)
    .ARM.Collect$$libinit$$00000013          0x08000162   Section        0  libinit2.o(.ARM.Collect$$libinit$$00000013)
    .ARM.Collect$$libinit$$00000015          0x08000162   Section        0  libinit2.o(.ARM.Collect$$libinit$$00000015)
    .ARM.Collect$$libinit$$00000017          0x08000162   Section        0  libinit2.o(.ARM.Collect$$libinit$$00000017)
    .ARM.Collect$$libinit$$00000019          0x08000162   Section        0  libinit2.o(.ARM.Collect$$libinit$$00000019)
    .ARM.Collect$$libinit$$0000001B          0x08000162   Section        0  libinit2.o(.ARM.Collect$$libinit$$0000001B)
    .ARM.Collect$$libinit$$0000001D          0x08000162   Section        0  libinit2.o(.ARM.Collect$$libinit$$0000001D)
    .ARM.Collect$$libinit$$0000001F          0x08000162   Section        0  libinit2.o(.ARM.Collect$$libinit$$0000001F)
    .ARM.Collect$$libinit$$00000021          0x08000162   Section        0  libinit2.o(.ARM.Collect$$libinit$$00000021)
    .ARM.Collect$$libinit$$00000023          0x08000162   Section        0  libinit2.o(.ARM.Collect$$libinit$$00000023)
    .ARM.Collect$$libinit$$00000025          0x08000162   Section        0  libinit2.o(.ARM.Collect$$libinit$$00000025)
    .ARM.Collect$$libinit$$0000002C          0x08000162   Section        0  libinit2.o(.ARM.Collect$$libinit$$0000002C)
    .ARM.Collect$$libinit$$0000002E          0x08000162   Section        0  libinit2.o(.ARM.Collect$$libinit$$0000002E)
    .ARM.Collect$$libinit$$00000030          0x08000162   Section        0  libinit2.o(.ARM.Collect$$libinit$$00000030)
    .ARM.Collect$$libinit$$00000032          0x08000162   Section        0  libinit2.o(.ARM.Collect$$libinit$$00000032)
    .ARM.Collect$$libinit$$00000033          0x08000162   Section        2  libinit2.o(.ARM.Collect$$libinit$$00000033)
    .ARM.Collect$$libshutdown$$00000000      0x08000164   Section        2  libshutdown.o(.ARM.Collect$$libshutdown$$00000000)
    .ARM.Collect$$libshutdown$$00000002      0x08000166   Section        0  libshutdown2.o(.ARM.Collect$$libshutdown$$00000002)
    .ARM.Collect$$libshutdown$$00000004      0x08000166   Section        0  libshutdown2.o(.ARM.Collect$$libshutdown$$00000004)
    .ARM.Collect$$libshutdown$$00000007      0x08000166   Section        0  libshutdown2.o(.ARM.Collect$$libshutdown$$00000007)
    .ARM.Collect$$libshutdown$$0000000A      0x08000166   Section        0  libshutdown2.o(.ARM.Collect$$libshutdown$$0000000A)
    .ARM.Collect$$libshutdown$$0000000C      0x08000166   Section        0  libshutdown2.o(.ARM.Collect$$libshutdown$$0000000C)
    .ARM.Collect$$libshutdown$$0000000F      0x08000166   Section        0  libshutdown2.o(.ARM.Collect$$libshutdown$$0000000F)
    .ARM.Collect$$libshutdown$$00000010      0x08000166   Section        2  libshutdown2.o(.ARM.Collect$$libshutdown$$00000010)
    .ARM.Collect$$rtentry$$00000000          0x08000168   Section        0  __rtentry.o(.ARM.Collect$$rtentry$$00000000)
    .ARM.Collect$$rtentry$$00000002          0x08000168   Section        0  __rtentry2.o(.ARM.Collect$$rtentry$$00000002)
    .ARM.Collect$$rtentry$$00000004          0x08000168   Section        6  __rtentry4.o(.ARM.Collect$$rtentry$$00000004)
    .ARM.Collect$$rtentry$$00000009          0x0800016e   Section        0  __rtentry2.o(.ARM.Collect$$rtentry$$00000009)
    .ARM.Collect$$rtentry$$0000000A          0x0800016e   Section        4  __rtentry2.o(.ARM.Collect$$rtentry$$0000000A)
    .ARM.Collect$$rtentry$$0000000C          0x08000172   Section        0  __rtentry2.o(.ARM.Collect$$rtentry$$0000000C)
    .ARM.Collect$$rtentry$$0000000D          0x08000172   Section        8  __rtentry2.o(.ARM.Collect$$rtentry$$0000000D)
    .ARM.Collect$$rtexit$$00000000           0x0800017a   Section        2  rtexit.o(.ARM.Collect$$rtexit$$00000000)
    .ARM.Collect$$rtexit$$00000002           0x0800017c   Section        0  rtexit2.o(.ARM.Collect$$rtexit$$00000002)
    .ARM.Collect$$rtexit$$00000003           0x0800017c   Section        4  rtexit2.o(.ARM.Collect$$rtexit$$00000003)
    .ARM.Collect$$rtexit$$00000004           0x08000180   Section        6  rtexit2.o(.ARM.Collect$$rtexit$$00000004)
    .text                                    0x08000188   Section       64  startup_stm32f10x_md.o(.text)
    .text                                    0x080001c8   Section      276  os_cpu_a.o(.text)
    .text                                    0x080002dc   Section        0  heapauxi.o(.text)
    .text                                    0x080002e2   Section       74  sys_stackheap_outer.o(.text)
    .text                                    0x0800032c   Section        0  exit.o(.text)
    .text                                    0x08000340   Section        8  libspace.o(.text)
    .text                                    0x08000348   Section        0  sys_exit.o(.text)
    .text                                    0x08000354   Section        2  use_no_semi.o(.text)
    .text                                    0x08000356   Section        0  indicate_semi.o(.text)
    i.App_TCBInitHook                        0x08000356   Section        0  app_hooks.o(i.App_TCBInitHook)
    i.App_TaskCreateHook                     0x08000358   Section        0  app_hooks.o(i.App_TaskCreateHook)
    i.App_TaskDelHook                        0x0800035a   Section        0  app_hooks.o(i.App_TaskDelHook)
    i.App_TaskIdleHook                       0x0800035c   Section        0  app_hooks.o(i.App_TaskIdleHook)
    i.App_TaskReturnHook                     0x0800035e   Section        0  app_hooks.o(i.App_TaskReturnHook)
    i.App_TaskStatHook                       0x08000360   Section        0  app_hooks.o(i.App_TaskStatHook)
    i.App_TaskSwHook                         0x08000362   Section        0  app_hooks.o(i.App_TaskSwHook)
    i.BusFault_Handler                       0x08000364   Section        0  stm32f10x_it.o(i.BusFault_Handler)
    i.DebugMon_Handler                       0x08000368   Section        0  stm32f10x_it.o(i.DebugMon_Handler)
    i.GPIO_Init                              0x0800036a   Section        0  stm32f10x_gpio.o(i.GPIO_Init)
    i.GPIO_SetBits                           0x08000480   Section        0  stm32f10x_gpio.o(i.GPIO_SetBits)
    i.HardFault_Handler                      0x08000484   Section        0  stm32f10x_it.o(i.HardFault_Handler)
    i.MemManage_Handler                      0x08000488   Section        0  stm32f10x_it.o(i.MemManage_Handler)
    i.MyTask                                 0x0800048c   Section        0  main.o(i.MyTask)
    i.NMI_Handler                            0x080004cc   Section        0  stm32f10x_it.o(i.NMI_Handler)
    i.OSDebugInit                            0x080004d0   Section        0  os_dbg.o(i.OSDebugInit)
    i.OSEventNameSet                         0x0800062c   Section        0  ucos_ii.o(i.OSEventNameSet)
    i.OSInit                                 0x080006a0   Section        0  ucos_ii.o(i.OSInit)
    i.OSInitHookBegin                        0x080006d8   Section        0  os_cpu_c.o(i.OSInitHookBegin)
    i.OSInitHookEnd                          0x0800071c   Section        0  os_cpu_c.o(i.OSInitHookEnd)
    i.OSSchedLock                            0x08000720   Section        0  ucos_ii.o(i.OSSchedLock)
    i.OSSchedUnlock                          0x08000768   Section        0  ucos_ii.o(i.OSSchedUnlock)
    i.OSSemCreate                            0x080007d8   Section        0  ucos_ii.o(i.OSSemCreate)
    i.OSSemPend                              0x08000838   Section        0  ucos_ii.o(i.OSSemPend)
    i.OSStart                                0x08000950   Section        0  ucos_ii.o(i.OSStart)
    i.OSTCBInitHook                          0x08000998   Section        0  os_cpu_c.o(i.OSTCBInitHook)
    i.OSTaskCreate                           0x080009a4   Section        0  ucos_ii.o(i.OSTaskCreate)
    i.OSTaskCreateExt                        0x08000a6c   Section        0  ucos_ii.o(i.OSTaskCreateExt)
    i.OSTaskCreateHook                       0x08000b48   Section        0  os_cpu_c.o(i.OSTaskCreateHook)
    i.OSTaskDel                              0x08000b54   Section        0  ucos_ii.o(i.OSTaskDel)
    i.OSTaskDelHook                          0x08000cdc   Section        0  os_cpu_c.o(i.OSTaskDelHook)
    i.OSTaskIdleHook                         0x08000ce8   Section        0  os_cpu_c.o(i.OSTaskIdleHook)
    i.OSTaskNameSet                          0x08000cf0   Section        0  ucos_ii.o(i.OSTaskNameSet)
    i.OSTaskReturnHook                       0x08000d88   Section        0  os_cpu_c.o(i.OSTaskReturnHook)
    i.OSTaskStatHook                         0x08000d94   Section        0  os_cpu_c.o(i.OSTaskStatHook)
    i.OSTaskStkChk                           0x08000d9c   Section        0  ucos_ii.o(i.OSTaskStkChk)
    i.OSTaskStkInit                          0x08000e4c   Section        0  os_cpu_c.o(i.OSTaskStkInit)
    i.OSTaskSuspend                          0x08000efc   Section        0  ucos_ii.o(i.OSTaskSuspend)
    i.OSTaskSwHook                           0x08000fcc   Section        0  os_cpu_c.o(i.OSTaskSwHook)
    i.OSTimeDly                              0x08000fd4   Section        0  ucos_ii.o(i.OSTimeDly)
    i.OSTmr_Init                             0x08001058   Section        0  ucos_ii.o(i.OSTmr_Init)
    i.OSTmr_InitTask                         0x0800114c   Section        0  ucos_ii.o(i.OSTmr_InitTask)
    OSTmr_InitTask                           0x0800114d   Thumb Code    50  ucos_ii.o(i.OSTmr_InitTask)
    i.OSTmr_Link                             0x0800119c   Section        0  ucos_ii.o(i.OSTmr_Link)
    OSTmr_Link                               0x0800119d   Thumb Code   106  ucos_ii.o(i.OSTmr_Link)
    i.OSTmr_Task                             0x08001210   Section        0  ucos_ii.o(i.OSTmr_Task)
    OSTmr_Task                               0x08001211   Thumb Code   120  ucos_ii.o(i.OSTmr_Task)
    i.OSTmr_Unlink                           0x08001294   Section        0  ucos_ii.o(i.OSTmr_Unlink)
    OSTmr_Unlink                             0x08001295   Thumb Code    68  ucos_ii.o(i.OSTmr_Unlink)
    i.OS_Dummy                               0x080012dc   Section        0  ucos_ii.o(i.OS_Dummy)
    i.OS_EventTaskRemove                     0x080012de   Section        0  ucos_ii.o(i.OS_EventTaskRemove)
    i.OS_EventTaskRemoveMulti                0x0800130c   Section        0  ucos_ii.o(i.OS_EventTaskRemoveMulti)
    i.OS_EventTaskWait                       0x08001348   Section        0  ucos_ii.o(i.OS_EventTaskWait)
    i.OS_EventWaitListInit                   0x080013c4   Section        0  ucos_ii.o(i.OS_EventWaitListInit)
    i.OS_FlagInit                            0x080013e0   Section        0  ucos_ii.o(i.OS_FlagInit)
    i.OS_FlagUnlink                          0x08001434   Section        0  ucos_ii.o(i.OS_FlagUnlink)
    i.OS_InitEventList                       0x08001458   Section        0  ucos_ii.o(i.OS_InitEventList)
    OS_InitEventList                         0x08001459   Thumb Code    82  ucos_ii.o(i.OS_InitEventList)
    i.OS_InitMisc                            0x080014b8   Section        0  ucos_ii.o(i.OS_InitMisc)
    OS_InitMisc                              0x080014b9   Thumb Code    48  ucos_ii.o(i.OS_InitMisc)
    i.OS_InitRdyList                         0x08001514   Section        0  ucos_ii.o(i.OS_InitRdyList)
    OS_InitRdyList                           0x08001515   Thumb Code    44  ucos_ii.o(i.OS_InitRdyList)
    i.OS_InitTCBList                         0x08001558   Section        0  ucos_ii.o(i.OS_InitTCBList)
    OS_InitTCBList                           0x08001559   Thumb Code   106  ucos_ii.o(i.OS_InitTCBList)
    i.OS_InitTaskIdle                        0x080015d8   Section        0  ucos_ii.o(i.OS_InitTaskIdle)
    OS_InitTaskIdle                          0x080015d9   Thumb Code    50  ucos_ii.o(i.OS_InitTaskIdle)
    i.OS_InitTaskStat                        0x08001628   Section        0  ucos_ii.o(i.OS_InitTaskStat)
    OS_InitTaskStat                          0x08001629   Thumb Code    50  ucos_ii.o(i.OS_InitTaskStat)
    i.OS_MemClr                              0x08001678   Section        0  ucos_ii.o(i.OS_MemClr)
    i.OS_MemInit                             0x0800168c   Section        0  ucos_ii.o(i.OS_MemInit)
    i.OS_QInit                               0x080016e4   Section        0  ucos_ii.o(i.OS_QInit)
    i.OS_Sched                               0x08001730   Section        0  ucos_ii.o(i.OS_Sched)
    i.OS_SchedNew                            0x080017b0   Section        0  ucos_ii.o(i.OS_SchedNew)
    OS_SchedNew                              0x080017b1   Thumb Code    26  ucos_ii.o(i.OS_SchedNew)
    i.OS_TCBInit                             0x080017dc   Section        0  ucos_ii.o(i.OS_TCBInit)
    i.OS_TaskIdle                            0x08001944   Section        0  ucos_ii.o(i.OS_TaskIdle)
    i.OS_TaskReturn                          0x08001974   Section        0  ucos_ii.o(i.OS_TaskReturn)
    i.OS_TaskStat                            0x0800198c   Section        0  ucos_ii.o(i.OS_TaskStat)
    i.OS_TaskStatStkChk                      0x08001a7c   Section        0  ucos_ii.o(i.OS_TaskStatStkChk)
    i.OS_TaskStkClr                          0x08001ab8   Section        0  ucos_ii.o(i.OS_TaskStkClr)
    i.PendSV_Handler                         0x08001ad2   Section        0  stm32f10x_it.o(i.PendSV_Handler)
    i.RCC_APB2PeriphClockCmd                 0x08001ad4   Section        0  stm32f10x_rcc.o(i.RCC_APB2PeriphClockCmd)
    i.SVC_Handler                            0x08001af4   Section        0  stm32f10x_it.o(i.SVC_Handler)
    i.SetSysClock                            0x08001af6   Section        0  system_stm32f10x.o(i.SetSysClock)
    SetSysClock                              0x08001af7   Thumb Code     8  system_stm32f10x.o(i.SetSysClock)
    i.SetSysClockTo72                        0x08001b00   Section        0  system_stm32f10x.o(i.SetSysClockTo72)
    SetSysClockTo72                          0x08001b01   Thumb Code   214  system_stm32f10x.o(i.SetSysClockTo72)
    i.SysTick_Handler                        0x08001be0   Section        0  stm32f10x_it.o(i.SysTick_Handler)
    i.SystemInit                             0x08001be4   Section        0  system_stm32f10x.o(i.SystemInit)
    i.UsageFault_Handler                     0x08001c44   Section        0  stm32f10x_it.o(i.UsageFault_Handler)
    i.main                                   0x08001c48   Section        0  main.o(i.main)
    .constdata                               0x08001c6c   Section      256  ucos_ii.o(.constdata)
    .constdata                               0x08001d6c   Section      116  os_dbg.o(.constdata)
    .data                                    0x20000000   Section       12  os_cpu_c.o(.data)
    OSTmrCtr                                 0x20000004   Data           2  os_cpu_c.o(.data)
    .data                                    0x2000000c   Section      100  ucos_ii.o(.data)
    .bss                                     0x20000070   Section     4096  main.o(.bss)
    .bss                                     0x20001070   Section     1024  os_cpu_c.o(.bss)
    .bss                                     0x20001470   Section     5048  ucos_ii.o(.bss)
    .bss                                     0x20002828   Section       96  libspace.o(.bss)
    HEAP                                     0x20002888   Section      512  startup_stm32f10x_md.o(HEAP)
    Heap_Mem                                 0x20002888   Data         512  startup_stm32f10x_md.o(HEAP)
    STACK                                    0x20002a88   Section     1024  startup_stm32f10x_md.o(STACK)
    Stack_Mem                                0x20002a88   Data        1024  startup_stm32f10x_md.o(STACK)
    __initial_sp                             0x20002e88   Data           0  startup_stm32f10x_md.o(STACK)

    Global Symbols

    Symbol Name                              Value     Ov Type        Size  Object(Section)

    BuildAttributes$$THM_ISAv4$P$D$K$B$S$PE$A:L22UL41UL21$X:L11$S22US41US21$IEEE1$IW$USESV6$~STKCKD$USESV7$~SHL$OSPACE$ROPI$EBA8$UX$STANDARDLIB$REQ8$PRES8$EABIv2 0x00000000   Number         0  anon$$obj.o ABSOLUTE
    __ARM_use_no_argv                        0x00000000   Number         0  main.o ABSOLUTE
    __ARM_exceptions_init                     - Undefined Weak Reference
    __alloca_initialize                       - Undefined Weak Reference
    __arm_preinit_                            - Undefined Weak Reference
    __cpp_initialize__aeabi_                  - Undefined Weak Reference
    __cxa_finalize                            - Undefined Weak Reference
    __rt_locale                               - Undefined Weak Reference
    __sigvec_lookup                           - Undefined Weak Reference
    _atexit_init                              - Undefined Weak Reference
    _call_atexit_fns                          - Undefined Weak Reference
    _clock_init                               - Undefined Weak Reference
    _fp_trap_init                             - Undefined Weak Reference
    _fp_trap_shutdown                         - Undefined Weak Reference
    _get_lc_collate                           - Undefined Weak Reference
    _get_lc_ctype                             - Undefined Weak Reference
    _get_lc_monetary                          - Undefined Weak Reference
    _get_lc_numeric                           - Undefined Weak Reference
    _get_lc_time                              - Undefined Weak Reference
    _getenv_init                              - Undefined Weak Reference
    _handle_redirection                       - Undefined Weak Reference
    _init_alloc                               - Undefined Weak Reference
    _init_user_alloc                          - Undefined Weak Reference
    _initio                                   - Undefined Weak Reference
    _rand_init                                - Undefined Weak Reference
    _signal_finish                            - Undefined Weak Reference
    _signal_init                              - Undefined Weak Reference
    _terminate_alloc                          - Undefined Weak Reference
    _terminate_user_alloc                     - Undefined Weak Reference
    _terminateio                              - Undefined Weak Reference
    __Vectors_Size                           0x000000ec   Number         0  startup_stm32f10x_md.o ABSOLUTE
    __Vectors                                0x08000000   Data           4  startup_stm32f10x_md.o(RESET)
    __Vectors_End                            0x080000ec   Data           0  startup_stm32f10x_md.o(RESET)
    __main                                   0x080000ed   Thumb Code     8  __main.o(!!!main)
    __scatterload                            0x080000f5   Thumb Code     0  __scatter.o(!!!scatter)
    __scatterload_rt2                        0x080000f5   Thumb Code    44  __scatter.o(!!!scatter)
    __scatterload_rt2_thumb_only             0x080000f5   Thumb Code     0  __scatter.o(!!!scatter)
    __scatterload_null                       0x08000103   Thumb Code     0  __scatter.o(!!!scatter)
    __scatterload_copy                       0x08000129   Thumb Code    26  __scatter_copy.o(!!handler_copy)
    __scatterload_zeroinit                   0x08000145   Thumb Code    28  __scatter_zi.o(!!handler_zi)
    __rt_lib_init                            0x08000161   Thumb Code     0  libinit.o(.ARM.Collect$$libinit$$00000000)
    __rt_lib_init_alloca_1                   0x08000163   Thumb Code     0  libinit2.o(.ARM.Collect$$libinit$$0000002E)
    __rt_lib_init_argv_1                     0x08000163   Thumb Code     0  libinit2.o(.ARM.Collect$$libinit$$0000002C)
    __rt_lib_init_atexit_1                   0x08000163   Thumb Code     0  libinit2.o(.ARM.Collect$$libinit$$0000001B)
    __rt_lib_init_clock_1                    0x08000163   Thumb Code     0  libinit2.o(.ARM.Collect$$libinit$$00000021)
    __rt_lib_init_cpp_1                      0x08000163   Thumb Code     0  libinit2.o(.ARM.Collect$$libinit$$00000032)
    __rt_lib_init_exceptions_1               0x08000163   Thumb Code     0  libinit2.o(.ARM.Collect$$libinit$$00000030)
    __rt_lib_init_fp_1                       0x08000163   Thumb Code     0  libinit2.o(.ARM.Collect$$libinit$$00000002)
    __rt_lib_init_fp_trap_1                  0x08000163   Thumb Code     0  libinit2.o(.ARM.Collect$$libinit$$0000001F)
    __rt_lib_init_getenv_1                   0x08000163   Thumb Code     0  libinit2.o(.ARM.Collect$$libinit$$00000023)
    __rt_lib_init_heap_1                     0x08000163   Thumb Code     0  libinit2.o(.ARM.Collect$$libinit$$0000000A)
    __rt_lib_init_lc_collate_1               0x08000163   Thumb Code     0  libinit2.o(.ARM.Collect$$libinit$$00000011)
    __rt_lib_init_lc_ctype_1                 0x08000163   Thumb Code     0  libinit2.o(.ARM.Collect$$libinit$$00000013)
    __rt_lib_init_lc_monetary_1              0x08000163   Thumb Code     0  libinit2.o(.ARM.Collect$$libinit$$00000015)
    __rt_lib_init_lc_numeric_1               0x08000163   Thumb Code     0  libinit2.o(.ARM.Collect$$libinit$$00000017)
    __rt_lib_init_lc_time_1                  0x08000163   Thumb Code     0  libinit2.o(.ARM.Collect$$libinit$$00000019)
    __rt_lib_init_preinit_1                  0x08000163   Thumb Code     0  libinit2.o(.ARM.Collect$$libinit$$00000004)
    __rt_lib_init_rand_1                     0x08000163   Thumb Code     0  libinit2.o(.ARM.Collect$$libinit$$0000000E)
    __rt_lib_init_return                     0x08000163   Thumb Code     0  libinit2.o(.ARM.Collect$$libinit$$00000033)
    __rt_lib_init_signal_1                   0x08000163   Thumb Code     0  libinit2.o(.ARM.Collect$$libinit$$0000001D)
    __rt_lib_init_stdio_1                    0x08000163   Thumb Code     0  libinit2.o(.ARM.Collect$$libinit$$00000025)
    __rt_lib_init_user_alloc_1               0x08000163   Thumb Code     0  libinit2.o(.ARM.Collect$$libinit$$0000000C)
    __rt_lib_shutdown                        0x08000165   Thumb Code     0  libshutdown.o(.ARM.Collect$$libshutdown$$00000000)
    __rt_lib_shutdown_cpp_1                  0x08000167   Thumb Code     0  libshutdown2.o(.ARM.Collect$$libshutdown$$00000002)
    __rt_lib_shutdown_fp_trap_1              0x08000167   Thumb Code     0  libshutdown2.o(.ARM.Collect$$libshutdown$$00000007)
    __rt_lib_shutdown_heap_1                 0x08000167   Thumb Code     0  libshutdown2.o(.ARM.Collect$$libshutdown$$0000000F)
    __rt_lib_shutdown_return                 0x08000167   Thumb Code     0  libshutdown2.o(.ARM.Collect$$libshutdown$$00000010)
    __rt_lib_shutdown_signal_1               0x08000167   Thumb Code     0  libshutdown2.o(.ARM.Collect$$libshutdown$$0000000A)
    __rt_lib_shutdown_stdio_1                0x08000167   Thumb Code     0  libshutdown2.o(.ARM.Collect$$libshutdown$$00000004)
    __rt_lib_shutdown_user_alloc_1           0x08000167   Thumb Code     0  libshutdown2.o(.ARM.Collect$$libshutdown$$0000000C)
    __rt_entry                               0x08000169   Thumb Code     0  __rtentry.o(.ARM.Collect$$rtentry$$00000000)
    __rt_entry_presh_1                       0x08000169   Thumb Code     0  __rtentry2.o(.ARM.Collect$$rtentry$$00000002)
    __rt_entry_sh                            0x08000169   Thumb Code     0  __rtentry4.o(.ARM.Collect$$rtentry$$00000004)
    __rt_entry_li                            0x0800016f   Thumb Code     0  __rtentry2.o(.ARM.Collect$$rtentry$$0000000A)
    __rt_entry_postsh_1                      0x0800016f   Thumb Code     0  __rtentry2.o(.ARM.Collect$$rtentry$$00000009)
    __rt_entry_main                          0x08000173   Thumb Code     0  __rtentry2.o(.ARM.Collect$$rtentry$$0000000D)
    __rt_entry_postli_1                      0x08000173   Thumb Code     0  __rtentry2.o(.ARM.Collect$$rtentry$$0000000C)
    __rt_exit                                0x0800017b   Thumb Code     0  rtexit.o(.ARM.Collect$$rtexit$$00000000)
    __rt_exit_ls                             0x0800017d   Thumb Code     0  rtexit2.o(.ARM.Collect$$rtexit$$00000003)
    __rt_exit_prels_1                        0x0800017d   Thumb Code     0  rtexit2.o(.ARM.Collect$$rtexit$$00000002)
    __rt_exit_exit                           0x08000181   Thumb Code     0  rtexit2.o(.ARM.Collect$$rtexit$$00000004)
    Reset_Handler                            0x08000189   Thumb Code     8  startup_stm32f10x_md.o(.text)
    ADC1_2_IRQHandler                        0x080001a3   Thumb Code     0  startup_stm32f10x_md.o(.text)
    CAN1_RX1_IRQHandler                      0x080001a3   Thumb Code     0  startup_stm32f10x_md.o(.text)
    CAN1_SCE_IRQHandler                      0x080001a3   Thumb Code     0  startup_stm32f10x_md.o(.text)
    DMA1_Channel1_IRQHandler                 0x080001a3   Thumb Code     0  startup_stm32f10x_md.o(.text)
    DMA1_Channel2_IRQHandler                 0x080001a3   Thumb Code     0  startup_stm32f10x_md.o(.text)
    DMA1_Channel3_IRQHandler                 0x080001a3   Thumb Code     0  startup_stm32f10x_md.o(.text)
    DMA1_Channel4_IRQHandler                 0x080001a3   Thumb Code     0  startup_stm32f10x_md.o(.text)
    DMA1_Channel5_IRQHandler                 0x080001a3   Thumb Code     0  startup_stm32f10x_md.o(.text)
    DMA1_Channel6_IRQHandler                 0x080001a3   Thumb Code     0  startup_stm32f10x_md.o(.text)
    DMA1_Channel7_IRQHandler                 0x080001a3   Thumb Code     0  startup_stm32f10x_md.o(.text)
    EXTI0_IRQHandler                         0x080001a3   Thumb Code     0  startup_stm32f10x_md.o(.text)
    EXTI15_10_IRQHandler                     0x080001a3   Thumb Code     0  startup_stm32f10x_md.o(.text)
    EXTI1_IRQHandler                         0x080001a3   Thumb Code     0  startup_stm32f10x_md.o(.text)
    EXTI2_IRQHandler                         0x080001a3   Thumb Code     0  startup_stm32f10x_md.o(.text)
    EXTI3_IRQHandler                         0x080001a3   Thumb Code     0  startup_stm32f10x_md.o(.text)
    EXTI4_IRQHandler                         0x080001a3   Thumb Code     0  startup_stm32f10x_md.o(.text)
    EXTI9_5_IRQHandler                       0x080001a3   Thumb Code     0  startup_stm32f10x_md.o(.text)
    FLASH_IRQHandler                         0x080001a3   Thumb Code     0  startup_stm32f10x_md.o(.text)
    I2C1_ER_IRQHandler                       0x080001a3   Thumb Code     0  startup_stm32f10x_md.o(.text)
    I2C1_EV_IRQHandler                       0x080001a3   Thumb Code     0  startup_stm32f10x_md.o(.text)
    I2C2_ER_IRQHandler                       0x080001a3   Thumb Code     0  startup_stm32f10x_md.o(.text)
    I2C2_EV_IRQHandler                       0x080001a3   Thumb Code     0  startup_stm32f10x_md.o(.text)
    PVD_IRQHandler                           0x080001a3   Thumb Code     0  startup_stm32f10x_md.o(.text)
    RCC_IRQHandler                           0x080001a3   Thumb Code     0  startup_stm32f10x_md.o(.text)
    RTCAlarm_IRQHandler                      0x080001a3   Thumb Code     0  startup_stm32f10x_md.o(.text)
    RTC_IRQHandler                           0x080001a3   Thumb Code     0  startup_stm32f10x_md.o(.text)
    SPI1_IRQHandler                          0x080001a3   Thumb Code     0  startup_stm32f10x_md.o(.text)
    SPI2_IRQHandler                          0x080001a3   Thumb Code     0  startup_stm32f10x_md.o(.text)
    TAMPER_IRQHandler                        0x080001a3   Thumb Code     0  startup_stm32f10x_md.o(.text)
    TIM1_BRK_IRQHandler                      0x080001a3   Thumb Code     0  startup_stm32f10x_md.o(.text)
    TIM1_CC_IRQHandler                       0x080001a3   Thumb Code     0  startup_stm32f10x_md.o(.text)
    TIM1_TRG_COM_IRQHandler                  0x080001a3   Thumb Code     0  startup_stm32f10x_md.o(.text)
    TIM1_UP_IRQHandler                       0x080001a3   Thumb Code     0  startup_stm32f10x_md.o(.text)
    TIM2_IRQHandler                          0x080001a3   Thumb Code     0  startup_stm32f10x_md.o(.text)
    TIM3_IRQHandler                          0x080001a3   Thumb Code     0  startup_stm32f10x_md.o(.text)
    TIM4_IRQHandler                          0x080001a3   Thumb Code     0  startup_stm32f10x_md.o(.text)
    USART1_IRQHandler                        0x080001a3   Thumb Code     0  startup_stm32f10x_md.o(.text)
    USART2_IRQHandler                        0x080001a3   Thumb Code     0  startup_stm32f10x_md.o(.text)
    USART3_IRQHandler                        0x080001a3   Thumb Code     0  startup_stm32f10x_md.o(.text)
    USBWakeUp_IRQHandler                     0x080001a3   Thumb Code     0  startup_stm32f10x_md.o(.text)
    USB_HP_CAN1_TX_IRQHandler                0x080001a3   Thumb Code     0  startup_stm32f10x_md.o(.text)
    USB_LP_CAN1_RX0_IRQHandler               0x080001a3   Thumb Code     0  startup_stm32f10x_md.o(.text)
    WWDG_IRQHandler                          0x080001a3   Thumb Code     0  startup_stm32f10x_md.o(.text)
    __user_initial_stackheap                 0x080001a5   Thumb Code     0  startup_stm32f10x_md.o(.text)
    OS_CPU_SR_Save                           0x080001c9   Thumb Code     0  os_cpu_a.o(.text)
    OS_CPU_SR_Restore                        0x080001e5   Thumb Code     0  os_cpu_a.o(.text)
    OSStartHighRdy                           0x080001f7   Thumb Code     0  os_cpu_a.o(.text)
    OSCtxSw                                  0x0800024f   Thumb Code     0  os_cpu_a.o(.text)
    OSIntCtxSw                               0x0800024f   Thumb Code     0  os_cpu_a.o(.text)
    OS_CPU_PendSVHandler                     0x08000259   Thumb Code     0  os_cpu_a.o(.text)
    __use_two_region_memory                  0x080002dd   Thumb Code     2  heapauxi.o(.text)
    __rt_heap_escrow$2region                 0x080002df   Thumb Code     2  heapauxi.o(.text)
    __rt_heap_expand$2region                 0x080002e1   Thumb Code     2  heapauxi.o(.text)
    __user_setup_stackheap                   0x080002e3   Thumb Code    74  sys_stackheap_outer.o(.text)
    exit                                     0x0800032d   Thumb Code    18  exit.o(.text)
    __user_libspace                          0x08000341   Thumb Code     8  libspace.o(.text)
    __user_perproc_libspace                  0x08000341   Thumb Code     0  libspace.o(.text)
    __user_perthread_libspace                0x08000341   Thumb Code     0  libspace.o(.text)
    _sys_exit                                0x08000349   Thumb Code     8  sys_exit.o(.text)
    __I$use$semihosting                      0x08000355   Thumb Code     0  use_no_semi.o(.text)
    __use_no_semihosting_swi                 0x08000355   Thumb Code     2  use_no_semi.o(.text)
    App_TCBInitHook                          0x08000357   Thumb Code     2  app_hooks.o(i.App_TCBInitHook)
    __semihosting_library_function           0x08000357   Thumb Code     0  indicate_semi.o(.text)
    App_TaskCreateHook                       0x08000359   Thumb Code     2  app_hooks.o(i.App_TaskCreateHook)
    App_TaskDelHook                          0x0800035b   Thumb Code     2  app_hooks.o(i.App_TaskDelHook)
    App_TaskIdleHook                         0x0800035d   Thumb Code     2  app_hooks.o(i.App_TaskIdleHook)
    App_TaskReturnHook                       0x0800035f   Thumb Code     2  app_hooks.o(i.App_TaskReturnHook)
    App_TaskStatHook                         0x08000361   Thumb Code     2  app_hooks.o(i.App_TaskStatHook)
    App_TaskSwHook                           0x08000363   Thumb Code     2  app_hooks.o(i.App_TaskSwHook)
    BusFault_Handler                         0x08000365   Thumb Code     4  stm32f10x_it.o(i.BusFault_Handler)
    DebugMon_Handler                         0x08000369   Thumb Code     2  stm32f10x_it.o(i.DebugMon_Handler)
    GPIO_Init                                0x0800036b   Thumb Code   278  stm32f10x_gpio.o(i.GPIO_Init)
    GPIO_SetBits                             0x08000481   Thumb Code     4  stm32f10x_gpio.o(i.GPIO_SetBits)
    HardFault_Handler                        0x08000485   Thumb Code     4  stm32f10x_it.o(i.HardFault_Handler)
    MemManage_Handler                        0x08000489   Thumb Code     4  stm32f10x_it.o(i.MemManage_Handler)
    MyTask                                   0x0800048d   Thumb Code    58  main.o(i.MyTask)
    NMI_Handler                              0x080004cd   Thumb Code     2  stm32f10x_it.o(i.NMI_Handler)
    OSDebugInit                              0x080004d1   Thumb Code   118  os_dbg.o(i.OSDebugInit)
    OSEventNameSet                           0x0800062d   Thumb Code   110  ucos_ii.o(i.OSEventNameSet)
    OSInit                                   0x080006a1   Thumb Code    56  ucos_ii.o(i.OSInit)
    OSInitHookBegin                          0x080006d9   Thumb Code    48  os_cpu_c.o(i.OSInitHookBegin)
    OSInitHookEnd                            0x0800071d   Thumb Code     2  os_cpu_c.o(i.OSInitHookEnd)
    OSSchedLock                              0x08000721   Thumb Code    60  ucos_ii.o(i.OSSchedLock)
    OSSchedUnlock                            0x08000769   Thumb Code   100  ucos_ii.o(i.OSSchedUnlock)
    OSSemCreate                              0x080007d9   Thumb Code    82  ucos_ii.o(i.OSSemCreate)
    OSSemPend                                0x08000839   Thumb Code   266  ucos_ii.o(i.OSSemPend)
    OSStart                                  0x08000951   Thumb Code    48  ucos_ii.o(i.OSStart)
    OSTCBInitHook                            0x08000999   Thumb Code    12  os_cpu_c.o(i.OSTCBInitHook)
    OSTaskCreate                             0x080009a5   Thumb Code   186  ucos_ii.o(i.OSTaskCreate)
    OSTaskCreateExt                          0x08000a6d   Thumb Code   206  ucos_ii.o(i.OSTaskCreateExt)
    OSTaskCreateHook                         0x08000b49   Thumb Code    12  os_cpu_c.o(i.OSTaskCreateHook)
    OSTaskDel                                0x08000b55   Thumb Code   346  ucos_ii.o(i.OSTaskDel)
    OSTaskDelHook                            0x08000cdd   Thumb Code    12  os_cpu_c.o(i.OSTaskDelHook)
    OSTaskIdleHook                           0x08000ce9   Thumb Code     8  os_cpu_c.o(i.OSTaskIdleHook)
    OSTaskNameSet                            0x08000cf1   Thumb Code   138  ucos_ii.o(i.OSTaskNameSet)
    OSTaskReturnHook                         0x08000d89   Thumb Code    12  os_cpu_c.o(i.OSTaskReturnHook)
    OSTaskStatHook                           0x08000d95   Thumb Code     8  os_cpu_c.o(i.OSTaskStatHook)
    OSTaskStkChk                             0x08000d9d   Thumb Code   168  ucos_ii.o(i.OSTaskStkChk)
    OSTaskStkInit                            0x08000e4d   Thumb Code   170  os_cpu_c.o(i.OSTaskStkInit)
    OSTaskSuspend                            0x08000efd   Thumb Code   190  ucos_ii.o(i.OSTaskSuspend)
    OSTaskSwHook                             0x08000fcd   Thumb Code     8  os_cpu_c.o(i.OSTaskSwHook)
    OSTimeDly                                0x08000fd5   Thumb Code   110  ucos_ii.o(i.OSTimeDly)
    OSTmr_Init                               0x08001059   Thumb Code   168  ucos_ii.o(i.OSTmr_Init)
    OS_Dummy                                 0x080012dd   Thumb Code     2  ucos_ii.o(i.OS_Dummy)
    OS_EventTaskRemove                       0x080012df   Thumb Code    46  ucos_ii.o(i.OS_EventTaskRemove)
    OS_EventTaskRemoveMulti                  0x0800130d   Thumb Code    58  ucos_ii.o(i.OS_EventTaskRemoveMulti)
    OS_EventTaskWait                         0x08001349   Thumb Code   112  ucos_ii.o(i.OS_EventTaskWait)
    OS_EventWaitListInit                     0x080013c5   Thumb Code    28  ucos_ii.o(i.OS_EventWaitListInit)
    OS_FlagInit                              0x080013e1   Thumb Code    70  ucos_ii.o(i.OS_FlagInit)
    OS_FlagUnlink                            0x08001435   Thumb Code    36  ucos_ii.o(i.OS_FlagUnlink)
    OS_MemClr                                0x08001679   Thumb Code    18  ucos_ii.o(i.OS_MemClr)
    OS_MemInit                               0x0800168d   Thumb Code    74  ucos_ii.o(i.OS_MemInit)
    OS_QInit                                 0x080016e5   Thumb Code    68  ucos_ii.o(i.OS_QInit)
    OS_Sched                                 0x08001731   Thumb Code    98  ucos_ii.o(i.OS_Sched)
    OS_TCBInit                               0x080017dd   Thumb Code   330  ucos_ii.o(i.OS_TCBInit)
    OS_TaskIdle                              0x08001945   Thumb Code    42  ucos_ii.o(i.OS_TaskIdle)
    OS_TaskReturn                            0x08001975   Thumb Code    18  ucos_ii.o(i.OS_TaskReturn)
    OS_TaskStat                              0x0800198d   Thumb Code   218  ucos_ii.o(i.OS_TaskStat)
    OS_TaskStatStkChk                        0x08001a7d   Thumb Code    54  ucos_ii.o(i.OS_TaskStatStkChk)
    OS_TaskStkClr                            0x08001ab9   Thumb Code    26  ucos_ii.o(i.OS_TaskStkClr)
    PendSV_Handler                           0x08001ad3   Thumb Code     2  stm32f10x_it.o(i.PendSV_Handler)
    RCC_APB2PeriphClockCmd                   0x08001ad5   Thumb Code    26  stm32f10x_rcc.o(i.RCC_APB2PeriphClockCmd)
    SVC_Handler                              0x08001af5   Thumb Code     2  stm32f10x_it.o(i.SVC_Handler)
    SysTick_Handler                          0x08001be1   Thumb Code     2  stm32f10x_it.o(i.SysTick_Handler)
    SystemInit                               0x08001be5   Thumb Code    78  system_stm32f10x.o(i.SystemInit)
    UsageFault_Handler                       0x08001c45   Thumb Code     4  stm32f10x_it.o(i.UsageFault_Handler)
    main                                     0x08001c49   Thumb Code    26  main.o(i.main)
    OSUnMapTbl                               0x08001c6c   Data         256  ucos_ii.o(.constdata)
    OSDebugEn                                0x08001d6c   Data           2  os_dbg.o(.constdata)
    OSEndiannessTest                         0x08001d70   Data           4  os_dbg.o(.constdata)
    OSEventEn                                0x08001d74   Data           2  os_dbg.o(.constdata)
    OSEventMax                               0x08001d76   Data           2  os_dbg.o(.constdata)
    OSEventNameEn                            0x08001d78   Data           2  os_dbg.o(.constdata)
    OSEventSize                              0x08001d7a   Data           2  os_dbg.o(.constdata)
    OSEventTblSize                           0x08001d7c   Data           2  os_dbg.o(.constdata)
    OSEventMultiEn                           0x08001d7e   Data           2  os_dbg.o(.constdata)
    OSFlagEn                                 0x08001d80   Data           2  os_dbg.o(.constdata)
    OSFlagGrpSize                            0x08001d82   Data           2  os_dbg.o(.constdata)
    OSFlagNodeSize                           0x08001d84   Data           2  os_dbg.o(.constdata)
    OSFlagWidth                              0x08001d86   Data           2  os_dbg.o(.constdata)
    OSFlagMax                                0x08001d88   Data           2  os_dbg.o(.constdata)
    OSFlagNameEn                             0x08001d8a   Data           2  os_dbg.o(.constdata)
    OSLowestPrio                             0x08001d8c   Data           2  os_dbg.o(.constdata)
    OSMboxEn                                 0x08001d8e   Data           2  os_dbg.o(.constdata)
    OSMemEn                                  0x08001d90   Data           2  os_dbg.o(.constdata)
    OSMemMax                                 0x08001d92   Data           2  os_dbg.o(.constdata)
    OSMemNameEn                              0x08001d94   Data           2  os_dbg.o(.constdata)
    OSMemSize                                0x08001d96   Data           2  os_dbg.o(.constdata)
    OSMemTblSize                             0x08001d98   Data           2  os_dbg.o(.constdata)
    OSMutexEn                                0x08001d9a   Data           2  os_dbg.o(.constdata)
    OSPtrSize                                0x08001d9c   Data           2  os_dbg.o(.constdata)
    OSQEn                                    0x08001d9e   Data           2  os_dbg.o(.constdata)
    OSQMax                                   0x08001da0   Data           2  os_dbg.o(.constdata)
    OSQSize                                  0x08001da2   Data           2  os_dbg.o(.constdata)
    OSRdyTblSize                             0x08001da4   Data           2  os_dbg.o(.constdata)
    OSSemEn                                  0x08001da6   Data           2  os_dbg.o(.constdata)
    OSStkWidth                               0x08001da8   Data           2  os_dbg.o(.constdata)
    OSTaskCreateEn                           0x08001daa   Data           2  os_dbg.o(.constdata)
    OSTaskCreateExtEn                        0x08001dac   Data           2  os_dbg.o(.constdata)
    OSTaskDelEn                              0x08001dae   Data           2  os_dbg.o(.constdata)
    OSTaskIdleStkSize                        0x08001db0   Data           2  os_dbg.o(.constdata)
    OSTaskProfileEn                          0x08001db2   Data           2  os_dbg.o(.constdata)
    OSTaskMax                                0x08001db4   Data           2  os_dbg.o(.constdata)
    OSTaskNameEn                             0x08001db6   Data           2  os_dbg.o(.constdata)
    OSTaskStatEn                             0x08001db8   Data           2  os_dbg.o(.constdata)
    OSTaskStatStkSize                        0x08001dba   Data           2  os_dbg.o(.constdata)
    OSTaskStatStkChkEn                       0x08001dbc   Data           2  os_dbg.o(.constdata)
    OSTaskSwHookEn                           0x08001dbe   Data           2  os_dbg.o(.constdata)
    OSTaskRegTblSize                         0x08001dc0   Data           2  os_dbg.o(.constdata)
    OSTCBPrioTblMax                          0x08001dc2   Data           2  os_dbg.o(.constdata)
    OSTCBSize                                0x08001dc4   Data           2  os_dbg.o(.constdata)
    OSTicksPerSec                            0x08001dc6   Data           2  os_dbg.o(.constdata)
    OSTimeTickHookEn                         0x08001dc8   Data           2  os_dbg.o(.constdata)
    OSVersionNbr                             0x08001dca   Data           2  os_dbg.o(.constdata)
    OSTmrEn                                  0x08001dcc   Data           2  os_dbg.o(.constdata)
    OSTmrCfgMax                              0x08001dce   Data           2  os_dbg.o(.constdata)
    OSTmrCfgNameEn                           0x08001dd0   Data           2  os_dbg.o(.constdata)
    OSTmrCfgWheelSize                        0x08001dd2   Data           2  os_dbg.o(.constdata)
    OSTmrCfgTicksPerSec                      0x08001dd4   Data           2  os_dbg.o(.constdata)
    OSTmrSize                                0x08001dd6   Data           2  os_dbg.o(.constdata)
    OSTmrTblSize                             0x08001dd8   Data           2  os_dbg.o(.constdata)
    OSTmrWheelSize                           0x08001dda   Data           2  os_dbg.o(.constdata)
    OSTmrWheelTblSize                        0x08001ddc   Data           2  os_dbg.o(.constdata)
    OSDataSize                               0x08001dde   Data           2  os_dbg.o(.constdata)
    Region$$Table$$Base                      0x08001de0   Number         0  anon$$obj.o(Region$$Table)
    Region$$Table$$Limit                     0x08001e00   Number         0  anon$$obj.o(Region$$Table)
    OS_CPU_ExceptStkBase                     0x20000000   Data           4  os_cpu_c.o(.data)
    OS_KA_BASEPRI_Boundary                   0x20000008   Data           4  os_cpu_c.o(.data)
    OSCtxSwCtr                               0x2000000c   Data           4  ucos_ii.o(.data)
    OSEventFreeList                          0x20000010   Data           4  ucos_ii.o(.data)
    OSFlagFreeList                           0x20000014   Data           4  ucos_ii.o(.data)
    OSCPUUsage                               0x20000018   Data           1  ucos_ii.o(.data)
    OSIdleCtrMax                             0x2000001c   Data           4  ucos_ii.o(.data)
    OSIdleCtrRun                             0x20000020   Data           4  ucos_ii.o(.data)
    OSStatRdy                                0x20000024   Data           1  ucos_ii.o(.data)
    OSIntNesting                             0x20000025   Data           1  ucos_ii.o(.data)
    OSLockNesting                            0x20000026   Data           1  ucos_ii.o(.data)
    OSPrioCur                                0x20000027   Data           1  ucos_ii.o(.data)
    OSPrioHighRdy                            0x20000028   Data           1  ucos_ii.o(.data)
    OSRdyGrp                                 0x20000029   Data           1  ucos_ii.o(.data)
    OSRdyTbl                                 0x2000002a   Data           8  ucos_ii.o(.data)
    OSRunning                                0x20000032   Data           1  ucos_ii.o(.data)
    OSTaskCtr                                0x20000033   Data           1  ucos_ii.o(.data)
    OSIdleCtr                                0x20000034   Data           4  ucos_ii.o(.data)
    OSTCBCur                                 0x20000038   Data           4  ucos_ii.o(.data)
    OSTCBFreeList                            0x2000003c   Data           4  ucos_ii.o(.data)
    OSTCBHighRdy                             0x20000040   Data           4  ucos_ii.o(.data)
    OSTCBList                                0x20000044   Data           4  ucos_ii.o(.data)
    OSTickStepState                          0x20000048   Data           1  ucos_ii.o(.data)
    OSMemFreeList                            0x2000004c   Data           4  ucos_ii.o(.data)
    OSQFreeList                              0x20000050   Data           4  ucos_ii.o(.data)
    OSTaskRegNextAvailID                     0x20000054   Data           1  ucos_ii.o(.data)
    OSTime                                   0x20000058   Data           4  ucos_ii.o(.data)
    OSTmrFree                                0x2000005c   Data           2  ucos_ii.o(.data)
    OSTmrUsed                                0x2000005e   Data           2  ucos_ii.o(.data)
    OSTmrTime                                0x20000060   Data           4  ucos_ii.o(.data)
    OSTmrSem                                 0x20000064   Data           4  ucos_ii.o(.data)
    OSTmrSemSignal                           0x20000068   Data           4  ucos_ii.o(.data)
    OSTmrFreeList                            0x2000006c   Data           4  ucos_ii.o(.data)
    MyTaskStack                              0x20000070   Data        4096  main.o(.bss)
    OS_CPU_ExceptStk                         0x20001070   Data        1024  os_cpu_c.o(.bss)
    OSEventTbl                               0x20001470   Data         240  ucos_ii.o(.bss)
    OSFlagTbl                                0x20001560   Data          80  ucos_ii.o(.bss)
    OSTaskStatStk                            0x200015b0   Data         512  ucos_ii.o(.bss)
    OSTaskIdleStk                            0x200017b0   Data         512  ucos_ii.o(.bss)
    OSTCBPrioTbl                             0x200019b0   Data         256  ucos_ii.o(.bss)
    OSTCBTbl                                 0x20001ab0   Data        2024  ucos_ii.o(.bss)
    OSMemTbl                                 0x20002298   Data         120  ucos_ii.o(.bss)
    OSQTbl                                   0x20002310   Data          96  ucos_ii.o(.bss)
    OSTmrTbl                                 0x20002370   Data         640  ucos_ii.o(.bss)
    OSTmrTaskStk                             0x200025f0   Data         512  ucos_ii.o(.bss)
    OSTmrWheelTbl                            0x200027f0   Data          56  ucos_ii.o(.bss)
    __libspace_start                         0x20002828   Data          96  libspace.o(.bss)
    __temporary_stack_top$libspace           0x20002888   Data           0  libspace.o(.bss)



==============================================================================

Memory Map of the image

  Image Entry point : 0x080000ed

  Load Region LR_IROM1 (Base: 0x08000000, Size: 0x00001e70, Max: 0x00010000, ABSOLUTE)

    Execution Region ER_IROM1 (Exec base: 0x08000000, Load base: 0x08000000, Size: 0x00001e00, Max: 0x00010000, ABSOLUTE)

    Exec Addr    Load Addr    Size         Type   Attr      Idx    E Section Name        Object

    0x08000000   0x08000000   0x000000ec   Data   RO            3    RESET               startup_stm32f10x_md.o
    0x080000ec   0x080000ec   0x00000008   Code   RO         4391  * !!!main             c_w.l(__main.o)
    0x080000f4   0x080000f4   0x00000034   Code   RO         4548    !!!scatter          c_w.l(__scatter.o)
    0x08000128   0x08000128   0x0000001a   Code   RO         4550    !!handler_copy      c_w.l(__scatter_copy.o)
    0x08000142   0x08000142   0x00000002   PAD
    0x08000144   0x08000144   0x0000001c   Code   RO         4552    !!handler_zi        c_w.l(__scatter_zi.o)
    0x08000160   0x08000160   0x00000002   Code   RO         4418    .ARM.Collect$$libinit$$00000000  c_w.l(libinit.o)
    0x08000162   0x08000162   0x00000000   Code   RO         4425    .ARM.Collect$$libinit$$00000002  c_w.l(libinit2.o)
    0x08000162   0x08000162   0x00000000   Code   RO         4427    .ARM.Collect$$libinit$$00000004  c_w.l(libinit2.o)
    0x08000162   0x08000162   0x00000000   Code   RO         4430    .ARM.Collect$$libinit$$0000000A  c_w.l(libinit2.o)
    0x08000162   0x08000162   0x00000000   Code   RO         4432    .ARM.Collect$$libinit$$0000000C  c_w.l(libinit2.o)
    0x08000162   0x08000162   0x00000000   Code   RO         4434    .ARM.Collect$$libinit$$0000000E  c_w.l(libinit2.o)
    0x08000162   0x08000162   0x00000000   Code   RO         4437    .ARM.Collect$$libinit$$00000011  c_w.l(libinit2.o)
    0x08000162   0x08000162   0x00000000   Code   RO         4439    .ARM.Collect$$libinit$$00000013  c_w.l(libinit2.o)
    0x08000162   0x08000162   0x00000000   Code   RO         4441    .ARM.Collect$$libinit$$00000015  c_w.l(libinit2.o)
    0x08000162   0x08000162   0x00000000   Code   RO         4443    .ARM.Collect$$libinit$$00000017  c_w.l(libinit2.o)
    0x08000162   0x08000162   0x00000000   Code   RO         4445    .ARM.Collect$$libinit$$00000019  c_w.l(libinit2.o)
    0x08000162   0x08000162   0x00000000   Code   RO         4447    .ARM.Collect$$libinit$$0000001B  c_w.l(libinit2.o)
    0x08000162   0x08000162   0x00000000   Code   RO         4449    .ARM.Collect$$libinit$$0000001D  c_w.l(libinit2.o)
    0x08000162   0x08000162   0x00000000   Code   RO         4451    .ARM.Collect$$libinit$$0000001F  c_w.l(libinit2.o)
    0x08000162   0x08000162   0x00000000   Code   RO         4453    .ARM.Collect$$libinit$$00000021  c_w.l(libinit2.o)
    0x08000162   0x08000162   0x00000000   Code   RO         4455    .ARM.Collect$$libinit$$00000023  c_w.l(libinit2.o)
    0x08000162   0x08000162   0x00000000   Code   RO         4457    .ARM.Collect$$libinit$$00000025  c_w.l(libinit2.o)
    0x08000162   0x08000162   0x00000000   Code   RO         4461    .ARM.Collect$$libinit$$0000002C  c_w.l(libinit2.o)
    0x08000162   0x08000162   0x00000000   Code   RO         4463    .ARM.Collect$$libinit$$0000002E  c_w.l(libinit2.o)
    0x08000162   0x08000162   0x00000000   Code   RO         4465    .ARM.Collect$$libinit$$00000030  c_w.l(libinit2.o)
    0x08000162   0x08000162   0x00000000   Code   RO         4467    .ARM.Collect$$libinit$$00000032  c_w.l(libinit2.o)
    0x08000162   0x08000162   0x00000002   Code   RO         4468    .ARM.Collect$$libinit$$00000033  c_w.l(libinit2.o)
    0x08000164   0x08000164   0x00000002   Code   RO         4488    .ARM.Collect$$libshutdown$$00000000  c_w.l(libshutdown.o)
    0x08000166   0x08000166   0x00000000   Code   RO         4501    .ARM.Collect$$libshutdown$$00000002  c_w.l(libshutdown2.o)
    0x08000166   0x08000166   0x00000000   Code   RO         4503    .ARM.Collect$$libshutdown$$00000004  c_w.l(libshutdown2.o)
    0x08000166   0x08000166   0x00000000   Code   RO         4506    .ARM.Collect$$libshutdown$$00000007  c_w.l(libshutdown2.o)
    0x08000166   0x08000166   0x00000000   Code   RO         4509    .ARM.Collect$$libshutdown$$0000000A  c_w.l(libshutdown2.o)
    0x08000166   0x08000166   0x00000000   Code   RO         4511    .ARM.Collect$$libshutdown$$0000000C  c_w.l(libshutdown2.o)
    0x08000166   0x08000166   0x00000000   Code   RO         4514    .ARM.Collect$$libshutdown$$0000000F  c_w.l(libshutdown2.o)
    0x08000166   0x08000166   0x00000002   Code   RO         4515    .ARM.Collect$$libshutdown$$00000010  c_w.l(libshutdown2.o)
    0x08000168   0x08000168   0x00000000   Code   RO         4393    .ARM.Collect$$rtentry$$00000000  c_w.l(__rtentry.o)
    0x08000168   0x08000168   0x00000000   Code   RO         4395    .ARM.Collect$$rtentry$$00000002  c_w.l(__rtentry2.o)
    0x08000168   0x08000168   0x00000006   Code   RO         4407    .ARM.Collect$$rtentry$$00000004  c_w.l(__rtentry4.o)
    0x0800016e   0x0800016e   0x00000000   Code   RO         4397    .ARM.Collect$$rtentry$$00000009  c_w.l(__rtentry2.o)
    0x0800016e   0x0800016e   0x00000004   Code   RO         4398    .ARM.Collect$$rtentry$$0000000A  c_w.l(__rtentry2.o)
    0x08000172   0x08000172   0x00000000   Code   RO         4400    .ARM.Collect$$rtentry$$0000000C  c_w.l(__rtentry2.o)
    0x08000172   0x08000172   0x00000008   Code   RO         4401    .ARM.Collect$$rtentry$$0000000D  c_w.l(__rtentry2.o)
    0x0800017a   0x0800017a   0x00000002   Code   RO         4422    .ARM.Collect$$rtexit$$00000000  c_w.l(rtexit.o)
    0x0800017c   0x0800017c   0x00000000   Code   RO         4470    .ARM.Collect$$rtexit$$00000002  c_w.l(rtexit2.o)
    0x0800017c   0x0800017c   0x00000004   Code   RO         4471    .ARM.Collect$$rtexit$$00000003  c_w.l(rtexit2.o)
    0x08000180   0x08000180   0x00000006   Code   RO         4472    .ARM.Collect$$rtexit$$00000004  c_w.l(rtexit2.o)
    0x08000186   0x08000186   0x00000002   PAD
    0x08000188   0x08000188   0x00000040   Code   RO            4    .text               startup_stm32f10x_md.o
    0x080001c8   0x080001c8   0x00000114   Code   RO         3496    .text               os_cpu_a.o
    0x080002dc   0x080002dc   0x00000006   Code   RO         4389    .text               c_w.l(heapauxi.o)
    0x080002e2   0x080002e2   0x0000004a   Code   RO         4409    .text               c_w.l(sys_stackheap_outer.o)
    0x0800032c   0x0800032c   0x00000012   Code   RO         4411    .text               c_w.l(exit.o)
    0x0800033e   0x0800033e   0x00000002   PAD
    0x08000340   0x08000340   0x00000008   Code   RO         4419    .text               c_w.l(libspace.o)
    0x08000348   0x08000348   0x0000000c   Code   RO         4480    .text               c_w.l(sys_exit.o)
    0x08000354   0x08000354   0x00000002   Code   RO         4491    .text               c_w.l(use_no_semi.o)
    0x08000356   0x08000356   0x00000000   Code   RO         4493    .text               c_w.l(indicate_semi.o)
    0x08000356   0x08000356   0x00000002   Code   RO         3439    i.App_TCBInitHook   app_hooks.o
    0x08000358   0x08000358   0x00000002   Code   RO         3440    i.App_TaskCreateHook  app_hooks.o
    0x0800035a   0x0800035a   0x00000002   Code   RO         3441    i.App_TaskDelHook   app_hooks.o
    0x0800035c   0x0800035c   0x00000002   Code   RO         3442    i.App_TaskIdleHook  app_hooks.o
    0x0800035e   0x0800035e   0x00000002   Code   RO         3443    i.App_TaskReturnHook  app_hooks.o
    0x08000360   0x08000360   0x00000002   Code   RO         3444    i.App_TaskStatHook  app_hooks.o
    0x08000362   0x08000362   0x00000002   Code   RO         3445    i.App_TaskSwHook    app_hooks.o
    0x08000364   0x08000364   0x00000004   Code   RO         3244    i.BusFault_Handler  stm32f10x_it.o
    0x08000368   0x08000368   0x00000002   Code   RO         3245    i.DebugMon_Handler  stm32f10x_it.o
    0x0800036a   0x0800036a   0x00000116   Code   RO         1904    i.GPIO_Init         stm32f10x_gpio.o
    0x08000480   0x08000480   0x00000004   Code   RO         1912    i.GPIO_SetBits      stm32f10x_gpio.o
    0x08000484   0x08000484   0x00000004   Code   RO         3246    i.HardFault_Handler  stm32f10x_it.o
    0x08000488   0x08000488   0x00000004   Code   RO         3247    i.MemManage_Handler  stm32f10x_it.o
    0x0800048c   0x0800048c   0x00000040   Code   RO         3196    i.MyTask            main.o
    0x080004cc   0x080004cc   0x00000002   Code   RO         3248    i.NMI_Handler       stm32f10x_it.o
    0x080004ce   0x080004ce   0x00000002   PAD
    0x080004d0   0x080004d0   0x0000015c   Code   RO         4372    i.OSDebugInit       os_dbg.o
    0x0800062c   0x0800062c   0x00000074   Code   RO         3601    i.OSEventNameSet    ucos_ii.o
    0x080006a0   0x080006a0   0x00000038   Code   RO         3612    i.OSInit            ucos_ii.o
    0x080006d8   0x080006d8   0x00000044   Code   RO         3499    i.OSInitHookBegin   os_cpu_c.o
    0x0800071c   0x0800071c   0x00000002   Code   RO         3500    i.OSInitHookEnd     os_cpu_c.o
    0x0800071e   0x0800071e   0x00000002   PAD
    0x08000720   0x08000720   0x00000048   Code   RO         3646    i.OSSchedLock       ucos_ii.o
    0x08000768   0x08000768   0x00000070   Code   RO         3647    i.OSSchedUnlock     ucos_ii.o
    0x080007d8   0x080007d8   0x00000060   Code   RO         3649    i.OSSemCreate       ucos_ii.o
    0x08000838   0x08000838   0x00000118   Code   RO         3651    i.OSSemPend         ucos_ii.o
    0x08000950   0x08000950   0x00000048   Code   RO         3656    i.OSStart           ucos_ii.o
    0x08000998   0x08000998   0x0000000c   Code   RO         3501    i.OSTCBInitHook     os_cpu_c.o
    0x080009a4   0x080009a4   0x000000c8   Code   RO         3659    i.OSTaskCreate      ucos_ii.o
    0x08000a6c   0x08000a6c   0x000000dc   Code   RO         3660    i.OSTaskCreateExt   ucos_ii.o
    0x08000b48   0x08000b48   0x0000000c   Code   RO         3502    i.OSTaskCreateHook  os_cpu_c.o
    0x08000b54   0x08000b54   0x00000188   Code   RO         3661    i.OSTaskDel         ucos_ii.o
    0x08000cdc   0x08000cdc   0x0000000c   Code   RO         3503    i.OSTaskDelHook     os_cpu_c.o
    0x08000ce8   0x08000ce8   0x00000008   Code   RO         3504    i.OSTaskIdleHook    os_cpu_c.o
    0x08000cf0   0x08000cf0   0x00000098   Code   RO         3664    i.OSTaskNameSet     ucos_ii.o
    0x08000d88   0x08000d88   0x0000000c   Code   RO         3505    i.OSTaskReturnHook  os_cpu_c.o
    0x08000d94   0x08000d94   0x00000008   Code   RO         3506    i.OSTaskStatHook    os_cpu_c.o
    0x08000d9c   0x08000d9c   0x000000b0   Code   RO         3670    i.OSTaskStkChk      ucos_ii.o
    0x08000e4c   0x08000e4c   0x000000b0   Code   RO         3507    i.OSTaskStkInit     os_cpu_c.o
    0x08000efc   0x08000efc   0x000000d0   Code   RO         3671    i.OSTaskSuspend     ucos_ii.o
    0x08000fcc   0x08000fcc   0x00000008   Code   RO         3508    i.OSTaskSwHook      os_cpu_c.o
    0x08000fd4   0x08000fd4   0x00000084   Code   RO         3672    i.OSTimeDly         ucos_ii.o
    0x08001058   0x08001058   0x000000f4   Code   RO         3688    i.OSTmr_Init        ucos_ii.o
    0x0800114c   0x0800114c   0x00000050   Code   RO         3689    i.OSTmr_InitTask    ucos_ii.o
    0x0800119c   0x0800119c   0x00000074   Code   RO         3690    i.OSTmr_Link        ucos_ii.o
    0x08001210   0x08001210   0x00000084   Code   RO         3691    i.OSTmr_Task        ucos_ii.o
    0x08001294   0x08001294   0x00000048   Code   RO         3692    i.OSTmr_Unlink      ucos_ii.o
    0x080012dc   0x080012dc   0x00000002   Code   RO         3694    i.OS_Dummy          ucos_ii.o
    0x080012de   0x080012de   0x0000002e   Code   RO         3696    i.OS_EventTaskRemove  ucos_ii.o
    0x0800130c   0x0800130c   0x0000003a   Code   RO         3697    i.OS_EventTaskRemoveMulti  ucos_ii.o
    0x08001346   0x08001346   0x00000002   PAD
    0x08001348   0x08001348   0x0000007c   Code   RO         3698    i.OS_EventTaskWait  ucos_ii.o
    0x080013c4   0x080013c4   0x0000001c   Code   RO         3700    i.OS_EventWaitListInit  ucos_ii.o
    0x080013e0   0x080013e0   0x00000054   Code   RO         3702    i.OS_FlagInit       ucos_ii.o
    0x08001434   0x08001434   0x00000024   Code   RO         3704    i.OS_FlagUnlink     ucos_ii.o
    0x08001458   0x08001458   0x00000060   Code   RO         3705    i.OS_InitEventList  ucos_ii.o
    0x080014b8   0x080014b8   0x0000005c   Code   RO         3706    i.OS_InitMisc       ucos_ii.o
    0x08001514   0x08001514   0x00000044   Code   RO         3707    i.OS_InitRdyList    ucos_ii.o
    0x08001558   0x08001558   0x00000080   Code   RO         3708    i.OS_InitTCBList    ucos_ii.o
    0x080015d8   0x080015d8   0x00000050   Code   RO         3709    i.OS_InitTaskIdle   ucos_ii.o
    0x08001628   0x08001628   0x00000050   Code   RO         3710    i.OS_InitTaskStat   ucos_ii.o
    0x08001678   0x08001678   0x00000012   Code   RO         3711    i.OS_MemClr         ucos_ii.o
    0x0800168a   0x0800168a   0x00000002   PAD
    0x0800168c   0x0800168c   0x00000058   Code   RO         3713    i.OS_MemInit        ucos_ii.o
    0x080016e4   0x080016e4   0x0000004c   Code   RO         3714    i.OS_QInit          ucos_ii.o
    0x08001730   0x08001730   0x00000080   Code   RO         3715    i.OS_Sched          ucos_ii.o
    0x080017b0   0x080017b0   0x0000002c   Code   RO         3716    i.OS_SchedNew       ucos_ii.o
    0x080017dc   0x080017dc   0x00000168   Code   RO         3718    i.OS_TCBInit        ucos_ii.o
    0x08001944   0x08001944   0x00000030   Code   RO         3719    i.OS_TaskIdle       ucos_ii.o
    0x08001974   0x08001974   0x00000018   Code   RO         3720    i.OS_TaskReturn     ucos_ii.o
    0x0800198c   0x0800198c   0x000000f0   Code   RO         3721    i.OS_TaskStat       ucos_ii.o
    0x08001a7c   0x08001a7c   0x0000003c   Code   RO         3722    i.OS_TaskStatStkChk  ucos_ii.o
    0x08001ab8   0x08001ab8   0x0000001a   Code   RO         3723    i.OS_TaskStkClr     ucos_ii.o
    0x08001ad2   0x08001ad2   0x00000002   Code   RO         3249    i.PendSV_Handler    stm32f10x_it.o
    0x08001ad4   0x08001ad4   0x00000020   Code   RO         1384    i.RCC_APB2PeriphClockCmd  stm32f10x_rcc.o
    0x08001af4   0x08001af4   0x00000002   Code   RO         3250    i.SVC_Handler       stm32f10x_it.o
    0x08001af6   0x08001af6   0x00000008   Code   RO           24    i.SetSysClock       system_stm32f10x.o
    0x08001afe   0x08001afe   0x00000002   PAD
    0x08001b00   0x08001b00   0x000000e0   Code   RO           25    i.SetSysClockTo72   system_stm32f10x.o
    0x08001be0   0x08001be0   0x00000002   Code   RO         3251    i.SysTick_Handler   stm32f10x_it.o
    0x08001be2   0x08001be2   0x00000002   PAD
    0x08001be4   0x08001be4   0x00000060   Code   RO           27    i.SystemInit        system_stm32f10x.o
    0x08001c44   0x08001c44   0x00000004   Code   RO         3252    i.UsageFault_Handler  stm32f10x_it.o
    0x08001c48   0x08001c48   0x00000024   Code   RO         3197    i.main              main.o
    0x08001c6c   0x08001c6c   0x00000100   Data   RO         3725    .constdata          ucos_ii.o
    0x08001d6c   0x08001d6c   0x00000074   Data   RO         4373    .constdata          os_dbg.o
    0x08001de0   0x08001de0   0x00000020   Data   RO         4546    Region$$Table       anon$$obj.o


    Execution Region RW_IRAM1 (Exec base: 0x20000000, Load base: 0x08001e00, Size: 0x00002e88, Max: 0x00005000, ABSOLUTE)

    Exec Addr    Load Addr    Size         Type   Attr      Idx    E Section Name        Object

    0x20000000   0x08001e00   0x0000000c   Data   RW         3514    .data               os_cpu_c.o
    0x2000000c   0x08001e0c   0x00000064   Data   RW         3726    .data               ucos_ii.o
    0x20000070        -       0x00001000   Zero   RW         3198    .bss                main.o
    0x20001070        -       0x00000400   Zero   RW         3513    .bss                os_cpu_c.o
    0x20001470        -       0x000013b8   Zero   RW         3724    .bss                ucos_ii.o
    0x20002828        -       0x00000060   Zero   RW         4420    .bss                c_w.l(libspace.o)
    0x20002888        -       0x00000200   Zero   RW            2    HEAP                startup_stm32f10x_md.o
    0x20002a88        -       0x00000400   Zero   RW            1    STACK               startup_stm32f10x_md.o


==============================================================================

Image component sizes


      Code (inc. data)   RO Data    RW Data    ZI Data      Debug   Object Name

        14          0          0          0          0       2821   app_hooks.o
         0          0          0          0          0       4508   core_cm3.o
       100         16          0          0       4096      11234   main.o
       276         32          0          0          0        308   os_cpu_a.o
       318         26          0         12       1024      14624   os_cpu_c.o
       348        230        116          0          0       3250   os_dbg.o
        64         26        236          0       1536        800   startup_stm32f10x_md.o
       282          0          0          0          0      10603   stm32f10x_gpio.o
        26          0          0          0          0       3522   stm32f10x_it.o
        32          6          0          0          0        513   stm32f10x_rcc.o
         0          0          0          0          0     201664   stm32f10x_wwdg.o
       328         28          0          0          0      10037   system_stm32f10x.o
      4962        680        256        100       5048      35003   ucos_ii.o

    ----------------------------------------------------------------------
      6762       1044        640        112      11704     298887   Object Totals
         0          0         32          0          0          0   (incl. Generated)
        12          0          0          0          0          0   (incl. Padding)

    ----------------------------------------------------------------------

      Code (inc. data)   RO Data    RW Data    ZI Data      Debug   Library Member Name

         8          0          0          0          0         68   __main.o
         0          0          0          0          0          0   __rtentry.o
        12          0          0          0          0          0   __rtentry2.o
         6          0          0          0          0          0   __rtentry4.o
        52          8          0          0          0          0   __scatter.o
        26          0          0          0          0          0   __scatter_copy.o
        28          0          0          0          0          0   __scatter_zi.o
        18          0          0          0          0         80   exit.o
         6          0          0          0          0        152   heapauxi.o
         0          0          0          0          0          0   indicate_semi.o
         2          0          0          0          0          0   libinit.o
         2          0          0          0          0          0   libinit2.o
         2          0          0          0          0          0   libshutdown.o
         2          0          0          0          0          0   libshutdown2.o
         8          4          0          0         96         68   libspace.o
         2          0          0          0          0          0   rtexit.o
        10          0          0          0          0          0   rtexit2.o
        12          4          0          0          0         68   sys_exit.o
        74          0          0          0          0         80   sys_stackheap_outer.o
         2          0          0          0          0         68   use_no_semi.o

    ----------------------------------------------------------------------
       278         16          0          0         96        584   Library Totals
         6          0          0          0          0          0   (incl. Padding)

    ----------------------------------------------------------------------

      Code (inc. data)   RO Data    RW Data    ZI Data      Debug   Library Name

       272         16          0          0         96        584   c_w.l

    ----------------------------------------------------------------------
       278         16          0          0         96        584   Library Totals

    ----------------------------------------------------------------------

==============================================================================


      Code (inc. data)   RO Data    RW Data    ZI Data      Debug   

      7040       1060        640        112      11800     295515   Grand Totals
      7040       1060        640        112      11800     295515   ELF Image Totals
      7040       1060        640        112          0          0   ROM Totals

==============================================================================

    Total RO  Size (Code + RO Data)                 7680 (   7.50kB)
    Total RW  Size (RW Data + ZI Data)             11912 (  11.63kB)
    Total ROM Size (Code + RO Data + RW Data)       7792 (   7.61kB)

==============================================================================

